vite v5.4.21 building for production...
transforming...
✓ 1286 modules transformed.
rendering chunks...
computing gzip size...
dist/assets/index-Bsfyjpf-.html                                                                                                     0.32 kB │ gzip:   0.25 kB
dist/index.html                                                                                                                     0.41 kB │ gzip:   0.30 kB
dist/assets/ancestor-second-form-hHNKGbAf.ts                                                                                        4.10 kB
dist/assets/mammoth-cyst-guardian-tveUGyGB.ts                                                                                       4.13 kB
dist/assets/ActFourHeader-BqG6eZNt.tsx                                                                                              4.13 kB
dist/assets/templar-impaler-WA_iXGw7.ts                                                                                             4.13 kB
dist/assets/production-command-audit.test-LFYW2i5E.ts                                                                               4.15 kB
dist/assets/boss-registry-BCDXugj7.ts                                                                                               4.15 kB
dist/assets/BlacksmithPanel-BVFU_5kF.tsx                                                                                            4.16 kB
dist/assets/SkillBar-s8Jscl-f.tsx                                                                                                   4.20 kB
dist/assets/DiseaseAcquisitionOverlay-DEQqZKMl.tsx                                                                                  4.21 kB
dist/assets/curio-M-r35lz0.ts                                                                                                       4.24 kB
dist/assets/evidence-verify-adversarial-DNJZrY6w.log                                                                                4.25 kB
dist/assets/phase-11a3-community-visual-asset-final-acceptance-report-iE3GUgxK.md                                                   4.25 kB
dist/assets/dual-boss-encounter-DWhcjrBm.ts                                                                                         4.27 kB
dist/assets/heart-attack-WRJicJNJ.ts                                                                                                4.34 kB
dist/assets/threat-registry-Bxmb6iLu.ts                                                                                             4.39 kB
dist/assets/runtime-sources.test-S0a4tFOz.ts                                                                                        4.39 kB
dist/assets/replacement-Dn8h2gTv.ts                                                                                                 4.39 kB
dist/assets/verify-phase11a3-infrastructure-acceptance-Dx4vqqAs.ts                                                                  4.42 kB
dist/assets/registry-consistency.test-y-x6YdJP.ts                                                                                   4.48 kB
dist/assets/blacksmith-DLJutORb.ts                                                                                                  4.50 kB
dist/assets/campaign-invariants.test-C-L3Twfx.ts                                                                                    4.51 kB
dist/assets/ancestor-room-gr3yLuGi.ts                                                                                               4.51 kB
dist/assets/SkillLoadoutPage-DaQY8jpM.tsx                                                                                           4.54 kB
dist/assets/gestating-heart-Byc9jRwS.ts                                                                                             4.54 kB
dist/assets/heart-of-darkness-cqcHQExs.ts                                                                                           4.59 kB
dist/assets/source-integrity.vitest-5RCAiCfO.json                                                                                   4.59 kB │ gzip:   0.98 kB
dist/assets/resolve-campaign-victory-BAIO2XHd.ts                                                                                    4.61 kB
dist/assets/trinket-NEPsPVCi.ts                                                                                                     4.66 kB
dist/assets/hero-death-gpxBgn8L.ts                                                                                                  4.66 kB
dist/assets/generate-community-visual-identity-lock-BAdYiTjb.mjs                                                                    4.68 kB
dist/assets/01-content-manifest-BgdTaA_-.md                                                                                         4.70 kB
dist/assets/e2e-player-harness-DryW6384.ts                                                                                          4.70 kB
dist/assets/phase-10a-darkest-dungeon-data-audit-CWFMXg3u.md                                                                        4.76 kB
dist/assets/verify-community-visual-assets-mutations-Dc9QYgQg.mts                                                                   4.77 kB
dist/assets/quirk-passives-DWvkimSB.ts                                                                                              4.82 kB
dist/assets/skill-level-registry-ChKEyvnG.ts                                                                                        4.90 kB
dist/assets/body-slam-hook-DN2TI9he.ts                                                                                              4.92 kB
dist/assets/replacement-contract.test-BPep7eTm.ts                                                                                   4.93 kB
dist/assets/stagecoach-CO3Lopr7.ts                                                                                                  4.96 kB
dist/assets/final-provision-policy-Dgauf630.ts                                                                                      4.97 kB
dist/assets/03-golden-run-and-replay-Cjfgo7uO.md                                                                                    5.01 kB
dist/assets/community-runtime-final.test-BzeS5yuf.ts                                                                                5.06 kB
dist/assets/Phase7_Validation_Report-BjEIeDG8.md                                                                                    5.11 kB
dist/assets/generate-community-reference-normalized-B7Ouc6Bm.mjs                                                                    5.12 kB
dist/assets/ancestor-first-form-CuZ0pv24.ts                                                                                         5.15 kB
dist/assets/room-hazards-CGmKOUeJ.ts                                                                                                5.15 kB
dist/assets/GameShell--_stRe3a.tsx                                                                                                  5.24 kB
dist/assets/performance-baseline-Bn8ZHCqz.ts                                                                                        5.27 kB
dist/assets/capability-test-support-BFA9Fq3f.ts                                                                                     5.28 kB
dist/assets/shuffling-horror-victory-31fx7zE7.ts                                                                                    5.29 kB
dist/assets/phase11a2-critical-campaign.spec-8bsdD9Sc.ts                                                                            5.35 kB
dist/assets/rules-E6rvEneH.ts                                                                                                       5.46 kB
dist/assets/pre-gate-xYUNgWwv.json                                                                                                  5.53 kB │ gzip:   0.90 kB
dist/assets/verify-community-reference-binding-DyljEkT8.ts                                                                          5.55 kB
dist/assets/TrinketSlots-DY67TUf-.tsx                                                                                               5.57 kB
dist/assets/TrinketAllocationOverlay-CLFDcXZu.tsx                                                                                   5.59 kB
dist/assets/shuffling-horror-death-CLr9w76W.ts                                                                                      5.65 kB
dist/assets/pw-final-unit-DU1qwG4j.log                                                                                              5.72 kB
dist/assets/runtime-sources-BhtpPX-k.ts                                                                                             5.73 kB
dist/assets/error-context-QWrrYylK.md                                                                                               5.77 kB
dist/assets/source-resolution.test-OtH35fI4.ts                                                                                      5.77 kB
dist/assets/necromancer.test-Dpcyoewd.ts                                                                                            5.78 kB
dist/assets/golden-run.test-RZ4JDvpm.ts                                                                                             5.78 kB
dist/assets/sanitarium-axYX206R.ts                                                                                                  5.82 kB
dist/assets/HamletHeroCard-CmGDkWRx.tsx                                                                                             5.83 kB
dist/assets/phase-11a3-community-engine-capability-final-acceptance-report-AYzLPxBn.md                                              5.85 kB
dist/assets/fanatic-BIaCdAd9.ts                                                                                                     5.85 kB
dist/assets/mammoth-cyst-room-C6VJOZqV.ts                                                                                           5.88 kB
dist/assets/mammoth-cyst-action-override-BjUKMvu-.ts                                                                                5.88 kB
dist/assets/mammoth-cyst-actors-EjT30vdj.ts                                                                                         5.93 kB
dist/assets/official-source-acquisition-checklist-DMXXcquG.md                                                                       5.93 kB
dist/assets/commandContractPasses-DhChnQm7.json                                                                                     5.95 kB │ gzip:   1.37 kB
dist/assets/resolve-conversion-q0GSisbm.ts                                                                                          5.96 kB
dist/assets/commandContractPasses-BocM9Ryj.json                                                                                     5.96 kB │ gzip:   1.38 kB
dist/assets/commandContractPasses-CNOc0SRi.json                                                                                     5.96 kB │ gzip:   1.38 kB
dist/assets/prototype-trinkets-C0CyoOdX.ts                                                                                          5.99 kB
dist/assets/BattlePage-B7-l3r3p.tsx                                                                                                 5.99 kB
dist/assets/pre-gate-CVyScK_N.json                                                                                                  6.04 kB │ gzip:   0.95 kB
dist/assets/pre-gate-t95ekNHu.json                                                                                                  6.04 kB │ gzip:   0.95 kB
dist/assets/phase-9d-collector-data-audit-DNHZBKnr.md                                                                               6.06 kB
dist/assets/final-DlmXzPxD.json                                                                                                     6.06 kB │ gzip:   1.06 kB
dist/assets/phase-10d-shuffling-horror-data-audit-BW8h7WjH.md                                                                       6.07 kB
dist/assets/community-runtime-guardian.test-CiHbjlD6.ts                                                                             6.08 kB
dist/assets/phase2.test-BO094ttf.ts                                                                                                 6.11 kB
dist/assets/test-policy-boundary.test-CCQoHXGt.ts                                                                                   6.12 kB
dist/assets/community-engine-capabilities-C0Yisq7p.ts                                                                               6.14 kB
dist/assets/hero-level-registry-1hG0oz1M.ts                                                                                         6.14 kB
dist/assets/edge-room-placement-Br1da8DV.ts                                                                                         6.18 kB
dist/assets/resolve-test-EBWlA3gs.ts                                                                                                6.19 kB
dist/assets/phase8d-blacksmith.test-msYQcO-o.ts                                                                                     6.23 kB
dist/assets/02-rule-traceability-and-rng-BzOr_nEZ.md                                                                                6.23 kB
dist/assets/content-manifest.test-Bq5d3s_J.ts                                                                                       6.28 kB
dist/assets/darkest-dungeon-family-B6OufKzf.ts                                                                                      6.29 kB
dist/assets/quest-objectives-DhJ9gm5r.ts                                                                                            6.38 kB
dist/assets/passive-collector-tdpl516x.ts                                                                                           6.50 kB
dist/assets/trinket-registry-BGltsyXo.ts                                                                                            6.52 kB
dist/assets/report-consistency.test-Dm38EhtF.ts                                                                                     6.54 kB
dist/assets/templars-pit-triggers-CgP8f1vP.ts                                                                                       6.55 kB
dist/assets/final-DsCE4Nz2.json                                                                                                     6.58 kB │ gzip:   1.11 kB
dist/assets/final-D6Vlv8tN.json                                                                                                     6.58 kB │ gzip:   1.11 kB
dist/assets/battle-Pfh4-PXz.ts                                                                                                      6.58 kB
dist/assets/content-BhKH7o0N.ts                                                                                                     6.59 kB
dist/assets/echoing-disassembly-summon-Oi0AbEmm.ts                                                                                  6.59 kB
dist/assets/acquire-trinket-Cr5DeCK7.ts                                                                                             6.60 kB
dist/assets/collector-Be8fg0WN.ts                                                                                                   6.61 kB
dist/assets/phase11a3-state-machine.test-xfRKbOES.ts                                                                                6.63 kB
dist/assets/unlock-act-four-D9sCeEhG.ts                                                                                             6.64 kB
dist/assets/validate-D5iuHzPe.ts                                                                                                    6.65 kB
dist/assets/prophet-DkMnSiuY.ts                                                                                                     6.65 kB
dist/assets/game-command-route-contract.test-CCtFbZH_.ts                                                                            6.69 kB
dist/assets/production-command-architecture.test-fMtCIurj.ts                                                                        6.72 kB
dist/assets/quest-DSw7SNk4.ts                                                                                                       6.74 kB
dist/assets/community-runtime-save-replay.test-C-DA0Waa.ts                                                                          6.76 kB
dist/assets/templars-content-validation-DLxSfTHB.ts                                                                                 6.79 kB
dist/assets/phase10a-debug-panel-smoke.spec-DBg6vJFa.ts                                                                             6.81 kB
dist/assets/error-context-8H9o9kov.md                                                                                               6.81 kB
dist/assets/xp-ledger-mArSSgv2.ts                                                                                                   6.97 kB
dist/assets/exploration-Bi4RZrOu.ts                                                                                                 7.01 kB
dist/assets/phase8d-save.test-BqeK9Dcu.ts                                                                                           7.01 kB
dist/assets/room-hazard-trigger-C6biOu3P.ts                                                                                         7.04 kB
dist/assets/allocate-trinket-Dshi0YFD.ts                                                                                            7.06 kB
dist/assets/Phase10A_Validation_Report-D_vLeeqe.md                                                                                  7.11 kB
dist/assets/error-context-Dzyxr5mh.md                                                                                               7.15 kB
dist/assets/error-context-DIhaaD98.md                                                                                               7.15 kB
dist/assets/cli-exit-contract.test-ChkH5MAZ.ts                                                                                      7.15 kB
dist/assets/error-context-tY4XvdxG.md                                                                                               7.16 kB
dist/assets/phase-9c-prophet-data-audit-BE32vkFx.md                                                                                 7.17 kB
dist/assets/rng-audit-DKdUP4Yi.ts                                                                                                   7.17 kB
dist/assets/phase-9e-fanatic-pyre-data-audit-z2kV_xcR.md                                                                            7.31 kB
dist/assets/FanaticPyreDebugSection-BgnF7pmo.tsx                                                                                    7.32 kB
dist/assets/templars-room-Fsfs1K6a.ts                                                                                               7.33 kB
dist/assets/community-runtime-freeze-evidence.test-CtrabE7N.ts                                                                      7.34 kB
dist/assets/runtime-B3xmT3a5.ts                                                                                                     7.45 kB
dist/assets/phase-10d-shuffling-horror-final-report-B2DbpvyB.md                                                                     7.49 kB
dist/assets/community-visual-asset-resolver.test-Bvgpt7lu.ts                                                                        7.55 kB
dist/assets/final-encounter-CM1_zGs3.ts                                                                                             7.61 kB
dist/assets/community-runtime-adversarial.test-CcBGAPjv.ts                                                                          7.65 kB
dist/assets/mammoth-cyst-content-validation-Bh7e6X0C.ts                                                                             7.79 kB
dist/assets/progression-Dw1CbSGS.ts                                                                                                 7.81 kB
dist/assets/threat-passives-DIPBhNHE.ts                                                                                             7.82 kB
dist/assets/skills-DV46-DDF.ts                                                                                                      7.83 kB
dist/assets/vertical-campaign.integration.test-BLW04_3U.ts                                                                          7.84 kB
dist/assets/heart-of-darkness-Bj97HCEg.ts                                                                                           7.84 kB
dist/assets/necromancer-family-CjQa9VQf.ts                                                                                          7.86 kB
dist/assets/ancestor-second-form-BINKuF1L.ts                                                                                        7.93 kB
dist/assets/campaign-progress-Cbb7xGAB.ts                                                                                           7.93 kB
dist/assets/content-runtime-DkV9Styn.ts                                                                                             7.94 kB
dist/assets/verify-phase11a2-final-BLDEbm1x.ts                                                                                      7.95 kB
dist/assets/regression-notes-DLke_GsM.md                                                                                            7.97 kB
dist/assets/guardian-registry-qeBqeSzg.ts                                                                                           7.98 kB
dist/assets/shuffling-horror-CHge3dt5.ts                                                                                            7.98 kB
dist/assets/community-visual-assets-fresh-evidence-B_0cbRr3.json                                                                    8.02 kB │ gzip:   1.57 kB
dist/assets/threat-selection-DRkTFpkV.ts                                                                                            8.02 kB
dist/assets/community-engine-capability-save-replay.test-RRj6Cka8.ts                                                                8.05 kB
dist/assets/diseases-Bx_X4UeB.ts                                                                                                    8.06 kB
dist/assets/official-guardian-assembly-contract.test-BR5xP7Eu.ts                                                                    8.08 kB
dist/assets/NomadWagonPanel-CHczOSSt.tsx                                                                                            8.09 kB
dist/assets/saveReplay.vitest-ChKpn-Ls.json                                                                                         8.18 kB │ gzip:   1.21 kB
dist/assets/white-cell-stalk-death-Ghamp151.ts                                                                                      8.32 kB
dist/assets/critical-e2e-0npq3pg0.json                                                                                              8.45 kB │ gzip:   1.51 kB
dist/assets/critical-e2e-DSA031vA.json                                                                                              8.46 kB │ gzip:   1.51 kB
dist/assets/critical-e2e-DDjnfshj.json                                                                                              8.46 kB │ gzip:   1.51 kB
dist/assets/shuffling-horror-action-DfP9PLot.ts                                                                                     8.52 kB
dist/assets/error-context-A0uwLl3I.md                                                                                               8.54 kB
dist/assets/golden-seeds-BREnpB_t.json                                                                                              8.55 kB │ gzip:   1.33 kB
dist/assets/battle-trinket-bridge-BhW0ie4L.ts                                                                                       8.55 kB
dist/assets/draw-quest-Cksz9ppN.ts                                                                                                  8.56 kB
dist/assets/trinket-state-Cwr_94dV.ts                                                                                               8.62 kB
dist/assets/templars-victory-BeezfZpM.ts                                                                                            8.78 kB
dist/assets/generate-community-visual-contact-sheet-eqDcOpKP.mts                                                                    8.80 kB
dist/assets/release-gate-BLflrWi5.json                                                                                              8.82 kB │ gzip:   2.62 kB
dist/assets/golden-run-Dk4JA_Gx.json                                                                                                8.83 kB │ gzip:   1.28 kB
dist/assets/room-registry-BDTfiZZI.ts                                                                                               8.90 kB
dist/assets/quest-result-B1meuZY1.ts                                                                                                8.93 kB
dist/assets/pw-auditall-DXKN31Wp.log                                                                                                9.00 kB
dist/assets/adversarial.vitest-BF5mcGg_.json                                                                                        9.05 kB │ gzip:   1.44 kB
dist/assets/full-run-Cy7tgkrI.log                                                                                                   9.06 kB
dist/assets/mammoth-cyst-victory-DZMmVFoE.ts                                                                                        9.23 kB
dist/assets/TemplarsEncounterPanel-dar7JzFx.tsx                                                                                     9.24 kB
dist/assets/pw-final-verification-gtS3W2Ek.log                                                                                      9.46 kB
dist/assets/phase-9d-collector.spec-zXfKgzjP.ts                                                                                     9.46 kB
dist/assets/official-guardian-assembly-Cf3ijwNv.ts                                                                                  9.51 kB
dist/assets/productionCommandTestsPasses-CJX8MhlZ.json                                                                              9.52 kB │ gzip:   1.77 kB
dist/assets/error-context-CaIyqh2k.md                                                                                               9.52 kB
dist/assets/productionCommandTestsPasses-DobCXMNZ.json                                                                              9.52 kB │ gzip:   1.77 kB
dist/assets/productionCommandTestsPasses-BfmrANCz.json                                                                              9.52 kB │ gzip:   1.77 kB
dist/assets/GuildPanel-BSo9A39m.tsx                                                                                                 9.56 kB
dist/assets/error-context-BV-porih.md                                                                                               9.59 kB
dist/assets/trinket-opportunities-rZOp3gMT.ts                                                                                       9.62 kB
dist/assets/campaign-flow.test-BmBkIrqY.ts                                                                                          9.64 kB
dist/assets/DungeonExplorePage-D0FN3IbK.tsx                                                                                         9.77 kB
dist/assets/rule-traceability-CtjYlBqL.ts                                                                                           9.85 kB
dist/assets/templars-DyR4oOUg.ts                                                                                                    9.86 kB
dist/assets/phase8d-replacement.test-RnhgLoHH.ts                                                                                    9.89 kB
dist/assets/quest-registry-OWj5l7ep.ts                                                                                              9.93 kB
dist/assets/final-encounter-outcome-Dv6Y3dvX.ts                                                                                    10.05 kB
dist/assets/final-form-runtime-VjcUx54y.ts                                                                                         10.07 kB
dist/assets/rule-traceability-DqPnvZW8.json                                                                                        10.10 kB │ gzip:   2.20 kB
dist/assets/error-context-AcQPHH20.md                                                                                              10.11 kB
dist/assets/stress-Cogj_XRj.ts                                                                                                     10.12 kB
dist/assets/shuffling-horror-content-validation-BCd_cYHv.ts                                                                        10.22 kB
dist/assets/community-runtime-truth-gate.test-hhYlPGHw.ts                                                                          10.25 kB
dist/assets/dungeon-B0pA1NYd.ts                                                                                                    10.26 kB
dist/assets/gestating-heart-CHQsQb0Q.ts                                                                                            10.32 kB
dist/assets/phase8d-quest-xp.test-CnJ2cWWi.ts                                                                                      10.37 kB
dist/assets/campaign-invariants-B-IUk98Z.ts                                                                                        10.43 kB
dist/assets/acquire-disease-BwQIYCS6.ts                                                                                            10.49 kB
dist/assets/baseline-pw-C78JZOc6.log                                                                                               10.50 kB
dist/assets/guild-D3yzPZKo.ts                                                                                                      10.50 kB
dist/assets/HomePage-DPTV_4nY.tsx                                                                                                  10.53 kB
dist/assets/campaign-B56_-OWG.ts                                                                                                   10.54 kB
dist/assets/production-command-audit-D9Og-26N.ts                                                                                   10.57 kB
dist/assets/damage-C71Osvsz.ts                                                                                                     10.62 kB
dist/assets/source-resolution-CT47A1up.ts                                                                                          10.63 kB
dist/assets/resolve-pit-toss-CUIbzLv2.ts                                                                                           10.65 kB
dist/assets/upgrade-core-CFc2m3qb.ts                                                                                               10.70 kB
dist/assets/registry-DJQ2szt7.ts                                                                                                   10.80 kB
dist/assets/community-engine-capability-adversarial.test-mSol4CvV.ts                                                               10.92 kB
dist/assets/phase5.spec-DHszMJp-.ts                                                                                                10.95 kB
dist/assets/types-CQaT30Cu.ts                                                                                                      10.96 kB
dist/assets/reference-validation-C53jcM8n.ts                                                                                       11.11 kB
dist/assets/quirks-DKlFydbI.ts                                                                                                     11.15 kB
dist/assets/layout-registry-DpqIFd-t.ts                                                                                            11.16 kB
dist/assets/MammothCystEncounterPanel-DGxzD966.tsx                                                                                 11.18 kB
dist/assets/status-effects-04mFSbXg.ts                                                                                             11.20 kB
dist/assets/community-engine-capability-production.test-BMqzv58d.ts                                                                11.22 kB
dist/assets/trinkets-BUhnnWO3.ts                                                                                                   11.29 kB
dist/assets/ReplacementPage-DxqCG70z.tsx                                                                                           11.30 kB
dist/assets/content-manifest-DR6NS_xU.ts                                                                                           11.35 kB
dist/assets/phase-11a2-1-final-report-70A2LPM6.md                                                                                  11.39 kB
dist/assets/community-engine-final-acceptance-contract-DJGf-Zpn.ts                                                                 11.41 kB
dist/assets/golden-seeds-DtZ6U0FP.ts                                                                                               11.46 kB
dist/assets/nomad-wagon-B9usS5T0.ts                                                                                                11.54 kB
dist/assets/phase-10b-templars-data-audit-BxuA_GSb.md                                                                              11.56 kB
dist/assets/prepare-final-encounter-TTN-utPv.ts                                                                                    12.00 kB
dist/assets/community-engine-blocker-triage-DFKFD8zR.json                                                                          12.01 kB │ gzip:   1.86 kB
dist/assets/V01-community-quest-reveal-DEiZG8se.png                                                                                12.06 kB
dist/assets/FinalFormMechanicsPanel-DuvCYcjp.tsx                                                                                   12.09 kB
dist/assets/verify-community-source-blocker-resolution-D8blmsIz.ts                                                                 12.20 kB
dist/assets/use-trinket-DlHabDe_.ts                                                                                                12.38 kB
dist/assets/final-hamlet-CkfSbvOQ.ts                                                                                               12.44 kB
dist/assets/phase-11a3-source-blocked-report-BgQV2Myw.md                                                                           12.46 kB
dist/assets/phase-11a2-final-report-DknNGNPJ.md                                                                                    12.69 kB
dist/assets/prototype-act-progression-D9DAfHS1.ts                                                                                  12.70 kB
dist/assets/phase10c-mammoth-cyst.spec-Ei2Xz2lI.ts                                                                                 12.74 kB
dist/assets/source-readiness-Ca2vQYDx.json                                                                                         12.88 kB │ gzip:   1.89 kB
dist/assets/command-differential.test-BjGZjf4h.ts                                                                                  12.98 kB
dist/assets/ancestor-first-form-DWt26-J7.ts                                                                                        12.99 kB
dist/assets/final-form-registry-C4fWWPpO.ts                                                                                        13.11 kB
dist/assets/pw-all-ekB7o-zX.log                                                                                                    13.17 kB
dist/assets/pw-baseline-e2e-DZltjHDx.log                                                                                           13.18 kB
dist/assets/phase-10e-final-encounter-data-audit-93Kzahww.md                                                                       13.30 kB
dist/assets/mental-effects-uq8FlWM_.ts                                                                                             13.31 kB
dist/assets/replacement-ykQO-j6R.ts                                                                                                13.42 kB
dist/assets/phase-10c-mammoth-cyst-data-audit-DF7gsWv6.md                                                                          13.43 kB
dist/assets/game-command-route-contract-BQbQzLE3.ts                                                                                13.47 kB
dist/assets/excavation-site-4GqN_Hhs.ts                                                                                            13.54 kB
dist/assets/verify-community-visual-assets-pcFrhmC0.mjs                                                                            13.57 kB
dist/assets/verify-phase11a2-3-DGVAzY7R.ts                                                                                         13.65 kB
dist/assets/phase-9c-prophet.spec-DUU93SxB.ts                                                                                      13.78 kB
dist/assets/index-K9HR-T1e.ts                                                                                                      13.83 kB
dist/assets/execute-mammoth-cyst-action-D2Xddagh.ts                                                                                13.88 kB
dist/assets/DebugPanel-BZitDtYs.tsx                                                                                                13.94 kB
dist/assets/ShufflingHorrorEncounterPanel-B9phDccM.tsx                                                                             13.95 kB
dist/assets/TemplarsDebugSection-ksmSfFGb.tsx                                                                                      14.16 kB
dist/assets/official-source-audit.test-DqudJuYT.ts                                                                                 14.19 kB
dist/assets/dungeon-map-DIqyMH-e.ts                                                                                                14.22 kB
dist/assets/phase10d-shuffling-horror.spec-D9VOtpVc.ts                                                                             14.34 kB
dist/assets/phase-9e-fanatic-pyre.spec-D43zCheo.ts                                                                                 14.40 kB
dist/assets/production.vitest-CaL9G7pN.json                                                                                        14.44 kB │ gzip:   1.65 kB
dist/assets/verify-community-reference-runtime-BBxDBoZK.ts                                                                         14.57 kB
dist/assets/transition-final-form-dnwb8v-B.ts                                                                                      14.72 kB
dist/assets/community-source-resolution-supplement-Bh-3Bc7N.json                                                                   14.78 kB │ gzip:   3.79 kB
dist/assets/phase5.test-CFx7Wc9u.ts                                                                                                14.95 kB
dist/assets/pw-b11a-pw-44vsDKHU.log                                                                                                15.02 kB
dist/assets/ShufflingHorrorDebugSection-MIHsO5-1.tsx                                                                               15.10 kB
dist/assets/MammothCystDebugSection-mvv104T0.tsx                                                                                   15.15 kB
dist/assets/phase7.spec-CBdwZ3Wx.ts                                                                                                15.22 kB
dist/assets/official-source-CMS_triT.ts                                                                                            15.23 kB
dist/assets/act-four-state-5DKvLR4y.ts                                                                                             15.34 kB
dist/assets/mammoth-cyst-BoRzcJUa.ts                                                                                               15.51 kB
dist/assets/hamlet-DbYXl1M2.ts                                                                                                     15.52 kB
dist/assets/bosses-DOmm4zy3.ts                                                                                                     15.59 kB
dist/assets/prophet-family-kmQUZCLM.ts                                                                                             15.63 kB
dist/assets/phase-11a2-3-final-report-Br4UqnBE.md                                                                                  15.65 kB
dist/assets/error-context-UMMsbM9Q.md                                                                                              15.80 kB
dist/assets/report-writer-BreHCamS.ts                                                                                              15.86 kB
dist/assets/phase-11a2-3r-final-report-BjUwK_yF.md                                                                                 16.04 kB
dist/assets/summon-white-cell-stalk-XzivR4vK.ts                                                                                    16.17 kB
dist/assets/final-forms-VlqtMbe9.ts                                                                                                16.23 kB
dist/assets/phase-11a2-2-final-report-DMa9p-ms.md                                                                                  16.24 kB
dist/assets/fanatic-family-Dc-c7b2K.ts                                                                                             16.36 kB
dist/assets/final-form-sequence-CPeen5Y3.ts                                                                                        16.48 kB
dist/assets/phase-11a-final-report-BLVdC0ML.md                                                                                     16.52 kB
dist/assets/community-reference-runtime-evidence-CfifKhOQ.json                                                                     16.55 kB │ gzip:   3.12 kB
dist/assets/collector.test-DQ_A_z2q.ts                                                                                             16.90 kB
dist/assets/act-four-C3brx8oy.ts                                                                                                   16.91 kB
dist/assets/performance-baseline-0_LrTlSm.ts                                                                                       17.00 kB
dist/assets/official-field-provenance-DeengM9V.json                                                                                17.01 kB │ gzip:   2.47 kB
dist/assets/asset-inventory-BFBYSfVI.json                                                                                          17.11 kB │ gzip:   3.04 kB
dist/assets/phase10e-final-encounter.spec-DiNnfpsf.ts                                                                              17.31 kB
dist/assets/phase-11a3-community-visual-asset-integration-report-D4tKBfU9.md                                                       17.34 kB
dist/assets/resolve-teleportation-Ce6KYnhy.ts                                                                                      17.47 kB
dist/assets/phase3.test-6Yv5el1E.ts                                                                                                17.62 kB
dist/assets/phase8c.spec-BNYOcTmY.ts                                                                                               17.72 kB
dist/assets/error-context-De0G1AOi.md                                                                                              18.00 kB
dist/assets/replacement-scenario-Dsvhw2BJ.json                                                                                     18.26 kB │ gzip:   4.24 kB
dist/assets/phase-11a1-campaign-orchestration-final-report-DpxDYiTX.md                                                             18.29 kB
dist/assets/guardian-quest-817qsbM-.ts                                                                                             18.38 kB
dist/assets/templars-registry-DwLawxUh.ts                                                                                          18.45 kB
dist/assets/release-gate-DsaGT2aN.ts                                                                                               18.82 kB
dist/assets/error-context-pmFFD4sw.md                                                                                              18.82 kB
dist/assets/runtime-profile-DIri0zeT.ts                                                                                            18.87 kB
dist/assets/phase8c.test-BhDn90FT.ts                                                                                               18.97 kB
dist/assets/Darkest_Dungeon_Web_Phase9B_Necromancer_Dev_Doc_v1.0-BhX5Mvkq.md                                                       19.00 kB
dist/assets/verify-community-engine-capability-final-acceptance-CFcXxUY_.ts                                                        19.23 kB
dist/assets/production-adapters-Thdk0Tia.ts                                                                                        19.79 kB
dist/assets/mammoth-cyst-registry-DrwDCW7g.ts                                                                                      19.80 kB
dist/assets/Darkest_Dungeon_Web_Phase9C_Prophet_Wooden_Pews_Dev_Doc_v1.0-DGLYZJ0g.md                                               20.09 kB
dist/assets/HamletPage-En63mO9-.tsx                                                                                                20.17 kB
dist/assets/quirks-DUqW4FLr.ts                                                                                                     20.53 kB
dist/assets/phase4.test-B5LfreCv.ts                                                                                                20.56 kB
dist/assets/error-context-BiNR92kU.md                                                                                              20.66 kB
dist/assets/error-context-DT2Jufpr.md                                                                                              20.67 kB
dist/assets/community-monster-physical-provenance-TZeyvov6.json                                                                    21.02 kB │ gzip:   2.67 kB
dist/assets/error-context-B4AEb4dm.md                                                                                              21.09 kB
dist/assets/runtime-profile.test-BU0YQqW2.ts                                                                                       21.49 kB
dist/assets/runtime-DZbY_x6Y.ts                                                                                                    21.54 kB
dist/assets/final-report-CDEVS-3W.ts                                                                                               21.71 kB
dist/assets/error-context-C9Lagk7A.md                                                                                              21.92 kB
dist/assets/error-context-COp6o_yP.md                                                                                              21.92 kB
dist/assets/final-form-actions-BZSUQk6l.ts                                                                                         21.98 kB
dist/assets/collector-family-CesgyZP-.ts                                                                                           22.12 kB
dist/assets/phase7.test-BuDjxYUd.ts                                                                                                22.13 kB
dist/assets/ActFourDebugSection-RptkRN4z.tsx                                                                                       22.13 kB
dist/assets/official-trinket-import-template-WT5IZoT_.json                                                                         22.15 kB │ gzip:   1.40 kB
dist/assets/error-context-DILOvvwp.md                                                                                              22.30 kB
dist/assets/error-context-fVfqj6rz.md                                                                                              22.30 kB
dist/assets/error-context-BiKC8yog.md                                                                                              22.36 kB
dist/assets/error-context-8xGM9IpY.md                                                                                              22.36 kB
dist/assets/error-context-Ts-NxGjF.md                                                                                              22.41 kB
dist/assets/error-context-D_qzzaNZ.md                                                                                              22.55 kB
dist/assets/error-context-BkqykkjT.md                                                                                              22.55 kB
dist/assets/error-context-DTNJ5XZ8.md                                                                                              22.56 kB
dist/assets/error-context-rJIa3Bj5.md                                                                                              22.56 kB
dist/assets/error-context-BMOfzR5o.md                                                                                              22.57 kB
dist/assets/error-context-DQlteIl4.md                                                                                              22.57 kB
dist/assets/error-context-C_Elwwfz.md                                                                                              22.57 kB
dist/assets/error-context-CHPANoV9.md                                                                                              22.57 kB
dist/assets/error-context-L0wztWVU.md                                                                                              22.58 kB
dist/assets/error-context-DVCZlOyz.md                                                                                              22.59 kB
dist/assets/error-context-Dt1qDfw7.md                                                                                              22.59 kB
dist/assets/error-context-CmvN_cIQ.md                                                                                              22.59 kB
dist/assets/error-context-Dzncqyab.md                                                                                              22.59 kB
dist/assets/error-context-HyquYR64.md                                                                                              22.59 kB
dist/assets/error-context-CG85SA6e.md                                                                                              22.59 kB
dist/assets/error-context-B_MbxkIA.md                                                                                              22.59 kB
dist/assets/error-context-B5QRbHAp.md                                                                                              22.60 kB
dist/assets/error-context-BPTSfOpW.md                                                                                              22.60 kB
dist/assets/error-context-DOq6BZxr.md                                                                                              22.75 kB
dist/assets/triage.vitest-iPxWu53o.json                                                                                            22.81 kB │ gzip:   3.15 kB
dist/assets/Darkest_Dungeon_Web_Phase9D_Collector_Collected_Heroes_Dev_Doc_v1.0-CC2HQC0K.md                                        23.20 kB
dist/assets/error-context-Dzj87pkZ.md                                                                                              23.35 kB
dist/assets/error-context-DwWa8TZ1.md                                                                                              23.36 kB
dist/assets/error-context-CtVfw-hW.md                                                                                              23.36 kB
dist/assets/error-context-CNltrCHL.md                                                                                              23.36 kB
dist/assets/error-context-D10mdPyk.md                                                                                              23.37 kB
dist/assets/error-context-HXQM4m1Q.md                                                                                              23.38 kB
dist/assets/error-context-Cv8Dqf7D.md                                                                                              23.38 kB
dist/assets/campaign-orchestrator-D5QypWzV.ts                                                                                      23.64 kB
dist/assets/error-context-DFqGL8Rj.md                                                                                              23.68 kB
dist/assets/phase10a-act-four-framework.spec-C15LJHfi.ts                                                                           24.30 kB
dist/assets/shuffling-horror-runtime-DUwiQuWA.ts                                                                                   24.73 kB
dist/assets/runtime-7HUnCR8c.ts                                                                                                    25.05 kB
dist/assets/simulation-driver-Cey7Bmbi.ts                                                                                          25.20 kB
dist/assets/final-forms.test-DBmyguMU.ts                                                                                           25.26 kB
dist/assets/Darkest_Dungeon_Web_Prototype_Dev_Doc_v1.0-R7Mh9AUk.md                                                                 25.80 kB
dist/assets/prophet.test-C8qfL5aH.ts                                                                                               26.41 kB
dist/assets/mammoth-cyst-runtime-DkvH4_N4.ts                                                                                       26.99 kB
dist/assets/Darkest_Dungeon_Web_Phase9E_Fanatic_Pyre_Dev_Doc_v1.0-DKwPRkqS.md                                                      27.18 kB
dist/assets/verify-phase11a3-source-gate-Bep7VFMq.ts                                                                               27.33 kB
dist/assets/official-source-requirements-KBq_z-yj.ts                                                                               27.51 kB
dist/assets/error-context-CiNf3UIp.md                                                                                              27.63 kB
dist/assets/phase8d.spec-C-pTzlBQ.ts                                                                                               27.90 kB
dist/assets/phase8a.test-B1dEmKxI.ts                                                                                               28.07 kB
dist/assets/campaign-orchestrator.test-AFUk9QaV.ts                                                                                 28.39 kB
dist/assets/error-context-BwcDgUO6.md                                                                                              28.44 kB
dist/assets/error-context-B6InmG4F.md                                                                                              28.44 kB
dist/assets/error-context-CABiIXuJ.md                                                                                              28.45 kB
dist/assets/error-context-B6_cOkXH.md                                                                                              28.45 kB
dist/assets/error-context-vX7sfsWy.md                                                                                              28.45 kB
dist/assets/error-context-CRDJ0Ksf.md                                                                                              28.45 kB
dist/assets/error-context-PNFX0RFe.md                                                                                              28.46 kB
dist/assets/phase8d-guild.test-Cd_SfZaw.ts                                                                                         28.75 kB
dist/assets/import-community-reference-assets-DPJFkEKC.mjs                                                                         28.86 kB
dist/assets/error-context-B9BS9wj4.md                                                                                              29.43 kB
dist/assets/error-context-BaFX0Cou.md                                                                                              29.43 kB
dist/assets/error-context-4_CgXEA-.md                                                                                              29.43 kB
dist/assets/error-context-QTRrB_Uc.md                                                                                              29.44 kB
dist/assets/error-context-CLj38l9z.md                                                                                              29.45 kB
dist/assets/error-context-CLaNt7Mq.md                                                                                              29.45 kB
dist/assets/Darkest_Dungeon_Web_Phase10C_Mammoth_Cyst_White_Cell_Stalk_Dev_Doc_v1.0-K-_Hp0FW.md                                    29.92 kB
dist/assets/templars-runtime-C9OG5_Mm.ts                                                                                           29.95 kB
dist/assets/fanatic.test-CTUUXx8P.ts                                                                                               30.70 kB
dist/assets/error-context-DM_L14uE.md                                                                                              31.25 kB
dist/assets/community-source-blocker-resolution-B73sEz47.json                                                                      31.37 kB │ gzip:   8.64 kB
dist/assets/error-context-DM7m5XZF.md                                                                                              31.43 kB
dist/assets/Darkest_Dungeon_Web_Phase8C_Trinket_Nomad_Wagon_Dev_Doc_v1.0-C9xkHu5K.md                                               31.68 kB
dist/assets/official-source-manifest-DFGANxl0.json                                                                                 31.75 kB │ gzip:   4.16 kB
dist/assets/error-context-6HNtXm0G.md                                                                                              31.80 kB
dist/assets/evidence-regression-vitest-DuFNNvQT.log                                                                                32.17 kB
dist/assets/verification-results-D_KCz4af.json                                                                                     33.07 kB │ gzip:   6.97 kB
dist/assets/official-source-audit-6nU6UUsh.ts                                                                                      33.26 kB
dist/assets/Darkest_Dungeon_Web_Phase11A2_Production_Command_Deterministic_Replay_Audit_Truthfulness_Dev_Doc_v1.0-1swiLv90.md      33.68 kB
dist/assets/error-context-CJgCN7rl.md                                                                                              34.09 kB
dist/assets/error-context-D4_aG3eD.md                                                                                              34.11 kB
dist/assets/error-context-LeCa6ZW0.md                                                                                              34.11 kB
dist/assets/error-context-CenKCPXs.md                                                                                              34.13 kB
dist/assets/error-context-BUX76xOe.md                                                                                              34.13 kB
dist/assets/error-context-e85l6_br.md                                                                                              34.15 kB
dist/assets/error-context-DwSyrUa4.md                                                                                              34.18 kB
dist/assets/error-context-Ct7dEJNC.md                                                                                              34.43 kB
dist/assets/community-visual-asset-contact-sheet-DDvmZsjQ.json                                                                     34.86 kB │ gzip:   4.79 kB
dist/assets/useGameStore-MOB-ZDfz.ts                                                                                               35.09 kB
dist/assets/battle-tb0qOQa8.ts                                                                                                     35.58 kB
dist/assets/error-context-pMbxa4op.md                                                                                              35.87 kB
dist/assets/error-context-_npOMaAc.md                                                                                              35.94 kB
dist/assets/Darkest_Dungeon_Web_Phase10B_Templars_Spiked_Pit_Dev_Doc_v1.0-BZ_luFu9.md                                              36.35 kB
dist/assets/error-context-DVAT2xnv.md                                                                                              36.46 kB
dist/assets/Darkest_Dungeon_Web_Phase6_Death_and_Stagecoach_Dev_Doc_v1.0-Cge5QFae.md                                               36.70 kB
dist/assets/error-context-CeGmo5vJ.md                                                                                              36.88 kB
dist/assets/Darkest_Dungeon_Web_Phase8B_Disease_Sanitarium_Dev_Doc_v1.0-Dp7esUdR.md                                                36.95 kB
dist/assets/error-context-CpQ2eue3.md                                                                                              37.02 kB
dist/assets/Darkest_Dungeon_Web_Phase10A_Darkest_Dungeon_Framework_Dev_Doc_v1.0-BIcsLuMC.md                                        37.39 kB
dist/assets/shuffling-horror.test-DM9hBrsU.ts                                                                                      37.72 kB
dist/assets/mammoth-cyst.test-BaDivwNA.ts                                                                                          38.69 kB
dist/assets/Darkest_Dungeon_Web_Phase11A_Core_Campaign_Audit_Vertical_Playtest_Dev_Doc_v1.0-DDqYYVcL.md                            39.25 kB
dist/assets/Darkest_Dungeon_Web_Phase11A1_Campaign_Orchestration_Repair_Dev_Doc_v1.0-D0nzJhbb.md                                   39.67 kB
dist/assets/Darkest_Dungeon_Web_Phase8A_Quirk_Passive_Engine_Dev_Doc_v1.0-DMeesmaI.md                                              40.00 kB
dist/assets/Darkest_Dungeon_Web_Phase9A_Boss_Threat_Framework_Dev_Doc_v1.0-DJjho1Bc.md                                             42.38 kB
dist/assets/Darkest_Dungeon_Web_Phase8D_XP_Leveling_Guild_Dev_Doc_v1.0-CGAhqeYV.md                                                 43.30 kB
dist/assets/runtime-field-coverage-D0sZT-Zv.ts                                                                                     44.53 kB
dist/assets/templars.test-VWS4V618.ts                                                                                              44.54 kB
dist/assets/act-four.test-D9Kr_wGd.ts                                                                                              44.68 kB
dist/assets/runtime-BGWEkWYO.ts                                                                                                    45.00 kB
dist/assets/index-DPJT6HVL.ts                                                                                                      49.08 kB
dist/assets/Darkest_Dungeon_Web_Phase7_Stress_Resolve_Dev_Doc_v1.0-7bA9l4oB.md                                                     50.21 kB
dist/assets/Darkest_Dungeon_Web_Phase10D_Shuffling_Horror_Dev_Doc_v1.0-CxUFaaMr.md                                                 51.75 kB
dist/assets/Darkest_Dungeon_Web_Phase10E_Final_Encounter_Heart_of_Darkness_Dev_Doc_v1.0-R4lsxpAn.md                                58.32 kB
dist/assets/save-DhYQXBMl.ts                                                                                                       70.87 kB
dist/assets/run-audit-BjjvzUe4.ts                                                                                                  71.61 kB
dist/assets/community-visual-identity-lock-CKtynnqA.json                                                                           72.55 kB │ gzip:   4.15 kB
dist/assets/build-C7z8AJje.log                                                                                                     75.76 kB
dist/assets/manifest-DisJj3ZH.json                                                                                                 76.78 kB │ gzip:   4.52 kB
dist/assets/replay-bundle-golden-normal-success-01-DDByJEL4.json                                                                   77.19 kB │ gzip:   8.23 kB
dist/assets/community-visual-asset-manifest-moU9OyP2.json                                                                          78.51 kB │ gzip:   8.91 kB
dist/assets/runtimeGate-CkNOpBgC.log                                                                                               99.23 kB
dist/assets/community-runtime-field-coverage-DaGMNVDw.json                                                                        101.69 kB │ gzip:   6.89 kB
dist/assets/package-lock-DGKvop4o.json                                                                                            123.31 kB │ gzip:  21.58 kB
dist/assets/monster-antibody.front-BfLqYFKq.png                                                                                   187.78 kB
dist/assets/monster-antibody-351f3c.front-QT4MM-jQ.png                                                                            188.82 kB
dist/assets/monster-antibody-a0b399.front-f4xGlI9c.png                                                                            189.56 kB
dist/assets/templars-room.front-Biz5zGk0.png                                                                                      190.97 kB
dist/assets/evidence-build-BQx47_pl.log                                                                                           191.59 kB
dist/assets/V03-community-mammoth-cyst-CR-LWM8n.png                                                                               194.92 kB
dist/assets/mammoth-cyst-room.front-hAWGDYS7.png                                                                                  195.44 kB
dist/assets/monster-defensive-growth-ed4bc0.front-B_ahFHo5.png                                                                    198.22 kB
dist/assets/monster-defensive-growth.front-CzHRYurJ.png                                                                           198.63 kB
dist/assets/monster-defensive-growth-014fb5.front-C7Djqoh3.png                                                                    198.96 kB
dist/assets/monster-rapturous-cultist-6c46af.front-DHzFa6qN.png                                                                   202.00 kB
dist/assets/monster-rapturous-cultist-ec3703.front-q9weZLbQ.png                                                                   202.09 kB
dist/assets/source-reference-index-BJRicxlh.json                                                                                  203.71 kB │ gzip:   6.52 kB
dist/assets/monster-rapturous-cultist.front-o_DAV6xN.png                                                                          203.90 kB
dist/assets/malignant-growth-f06594.front-BUq_-p6E.png                                                                            207.07 kB
dist/assets/malignant-growth-a34fbd.front-d_-ia7yx.png                                                                            207.29 kB
dist/assets/malignant-growth.front-cMWyqxjI.png                                                                                   209.29 kB
dist/assets/monster-polyp-1b182b.front-cUm6l-T2.png                                                                               209.32 kB
dist/assets/shuffling-horror-room.front-C_WJErQd.png                                                                              209.70 kB
dist/assets/ancestor-room.front-DMLmP4oz.png                                                                                      211.53 kB
dist/assets/monster-flesh-hound.front-fz2bvyWA.png                                                                                211.84 kB
dist/assets/monster-polyp-47d664.front-BOP0qcjG.png                                                                               211.98 kB
dist/assets/monster-flesh-hound-dc3db6.front-AjESFAUt.png                                                                         212.46 kB
dist/assets/monster-polyp.front-BnDYdcyq.png                                                                                      212.74 kB
dist/assets/cultist-priest-0ba2f8.front-tzb2NPlD.png                                                                              216.28 kB
dist/assets/cultist-priest-1b261d.front-C-9qW9BF.png                                                                              218.00 kB
dist/assets/monster-ascended-witch.front-BgCjUL9u.png                                                                             218.14 kB
dist/assets/community-engine-capability-final-acceptance-evidence-D6e_Da0b.json                                                   218.21 kB │ gzip:  16.72 kB
dist/assets/white-cell-stalk.front-8cWetBPb.png                                                                                   218.30 kB
dist/assets/cultist-priest.front-0FV38HQp.png                                                                                     218.34 kB
dist/assets/imperfect-reflection.front-rrmg24Dp.png                                                                               218.90 kB
dist/assets/monster-ascended-brawler-9d16dc.front-CWbMUHJH.png                                                                    219.74 kB
dist/assets/V02-community-templars-CZnLG2Gw.png                                                                                   220.56 kB
dist/assets/monster-ascended-witch-4cba93.front-B2MVAtop.png                                                                      220.78 kB
dist/assets/monster-ascended-witch-23df79.front-BGMovSls.png                                                                      220.87 kB
dist/assets/imperfect-reflection-95ec7b.front-BnrF1pPD.png                                                                        221.32 kB
dist/assets/monster-ascended-brawler-15687c.front-8SSPudMF.png                                                                    221.39 kB
dist/assets/perfect-reflection-695dfa.front-T1u4hUJj.png                                                                          221.40 kB
dist/assets/monster-ascended-brawler.front-Cs3u45Hy.png                                                                           221.95 kB
dist/assets/perfect-reflection-e75d33.front-BPmjEIyI.png                                                                          222.34 kB
dist/assets/imperfect-reflection-d57825.front-Cxvgn3Ty.png                                                                        222.62 kB
dist/assets/perfect-reflection.front-s2Owz-ni.png                                                                                 222.63 kB
dist/assets/source-binding-manifest-C1i0mZ8f.json                                                                                 229.57 kB │ gzip:   8.24 kB
dist/assets/ancestor-first-form.front-XVDI-mE5.png                                                                                232.88 kB
dist/assets/V04-community-shuffling-horror-CBzL-JwC.png                                                                           251.41 kB
dist/assets/normalized-requirements-CZZWV6zw.json                                                                                 277.49 kB │ gzip:  19.68 kB
dist/assets/quest-we-are-the-flame.front-Dz-pKE4B.png                                                                             284.01 kB
dist/assets/quest-belly-of-the-beast.front-Dw52YF-N.png                                                                           294.01 kB
dist/assets/unitPasses-CLZpxEwx.json                                                                                              297.98 kB │ gzip:  46.13 kB
dist/assets/unitPasses-uEKtMvaz.json                                                                                              298.15 kB │ gzip:  46.16 kB
dist/assets/unitPasses-6HYN2rSv.json                                                                                              298.18 kB │ gzip:  46.32 kB
dist/assets/quest-light-the-way.front-BZ9cUbUm.png                                                                                300.74 kB
dist/assets/V06-community-final-encounter-Ca7AHnRp.png                                                                            309.04 kB
dist/assets/mammoth-cyst.front-P3LHn-7M.png                                                                                       459.24 kB
dist/assets/gestating-heart.front-BoE-saqW.png                                                                                    467.28 kB
dist/assets/templars-impaler.front-CfZizH4z.png                                                                                   485.52 kB
dist/assets/templars-warlord.front-moWIGMfS.png                                                                                   493.82 kB
dist/assets/heart-of-darkness.front-DGt47Qco.png                                                                                  503.75 kB
dist/assets/ancestor-second-form.front-CRM8UJJL.png                                                                               510.05 kB
dist/assets/shuffling-horror.front-q7tOM-w2.png                                                                                   510.33 kB
dist/assets/dungeon-tile-d10a24.front-CSd5dAFs.png                                                                              1,053.24 kB
dist/assets/dungeon-tile-4ced96.front-BeC5SgXD.png                                                                              1,060.54 kB
dist/assets/mammoth-cyst-room-tile.front-C6M8SioA.png                                                                           2,382.49 kB
dist/assets/templars-room-tile.front-Dy4sKw8C.png                                                                               2,515.96 kB
dist/assets/shuffling-horror-room-tile.front-BNuvLC3r.png                                                                       2,564.73 kB
dist/assets/ancestor-room-tile.front-DvHkeq40.png                                                                               2,750.50 kB
dist/assets/community-visual-asset-contact-sheet-Cz9H_cYn.png                                                                   6,460.02 kB
dist/assets/DD_EN_COREBOX_RULES-BORPXytz.pdf                                                                                   97,942.80 kB
dist/assets/index-CdqHEjsk.css                                                                                                     28.62 kB │ gzip:   5.98 kB
dist/assets/index-CcJvSQC-.js                                                                                                   2,371.21 kB │ gzip: 586.67 kB
✓ built in 6.63s


(!) Some chunks are larger than 500 kB after minification. Consider:
- Using dynamic import() to code-split the application
- Use build.rollupOptions.output.manualChunks to improve chunking: https://rollupjs.org/configuration-options/#output-manualchunks
- Adjust chunk size limit for this warning via build.chunkSizeWarningLimit.

