START production
END production: 0
START saveReplay
END saveReplay: 0
START adversarial
END adversarial: 0
START triageProofs
END triageProofs: 0
START typecheck
END typecheck: 0
START build
END build: 0
START runtimeGate
END runtimeGate: 0
START visualGate
END visualGate: 0
START officialSourceGate
END officialSourceGate: 0
{
  "terminalVerdict": "COMMUNITY-SOURCE-BACKED-ENGINE-CAPABILITIES-ACCEPTED",
  "capabilities": [
    {
      "id": "resistance",
      "verdict": "leaf-partial"
    },
    {
      "id": "critical",
      "verdict": "family-partial"
    },
    {
      "id": "quest-provision",
      "verdict": "accepted"
    },
    {
      "id": "final-skill",
      "verdict": "not-proven"
    },
    {
      "id": "final-transition",
      "verdict": "not-proven"
    },
    {
      "id": "guardian-victory",
      "verdict": "leaf-partial"
    }
  ],
  "failures": []
}


