
> darkest-dungeon-web-prototype@0.1.0 audit:content
> vite-node scripts/audit/content.ts


====================
  audit:content
====================
内容条目            : 158
official-ready      : 1
blocked             : 10
prototype           : 30
unavailable         : 10
缺 sourceReference  : 157
prototype 污染      : 0
引用 error/warning  : 0 / 0
Manifest Hash       : 469d91eb

产物:
  - docs/data/core-campaign/manifest.json
  - docs/data/core-campaign/prototype-scan.json
  - docs/data/core-campaign/reference-validation.json
  - docs/data/core-campaign/golden-seeds.json
  - docs/reports/phase-11a/01-content-manifest.md


