JSON report written to C:/Users/kyrie/AppData/Local/Temp/phase11a3-runtime-acceptance-08dXBN/validators.json
JSON report written to C:/Users/kyrie/AppData/Local/Temp/phase11a3-runtime-acceptance-08dXBN/setup.json
JSON report written to C:/Users/kyrie/AppData/Local/Temp/phase11a3-runtime-acceptance-08dXBN/production.json
JSON report written to C:/Users/kyrie/AppData/Local/Temp/phase11a3-runtime-acceptance-08dXBN/guardian.json
JSON report written to C:/Users/kyrie/AppData/Local/Temp/phase11a3-runtime-acceptance-08dXBN/excavation.json
JSON report written to C:/Users/kyrie/AppData/Local/Temp/phase11a3-runtime-acceptance-08dXBN/finalEncounter.json
JSON report written to C:/Users/kyrie/AppData/Local/Temp/phase11a3-runtime-acceptance-08dXBN/monster.json
JSON report written to C:/Users/kyrie/AppData/Local/Temp/phase11a3-runtime-acceptance-08dXBN/saveReplay.json
JSON report written to C:/Users/kyrie/AppData/Local/Temp/phase11a3-runtime-acceptance-08dXBN/traceability.json
JSON report written to C:/Users/kyrie/AppData/Local/Temp/phase11a3-runtime-acceptance-08dXBN/adversarial.json
JSON report written to C:/Users/kyrie/AppData/Local/Temp/phase11a3-runtime-acceptance-08dXBN/truthGate.json
JSON report written to C:/Users/kyrie/AppData/Local/Temp/phase11a3-runtime-acceptance-08dXBN/freezeEvidence.json
Re-optimizing dependencies because vite config has changed

  VITE v5.4.21  ready in 912 ms

  ➜  Local:   http://127.0.0.1:5199/

Running 3 tests using 1 worker



[1/3] e2e\phase11a3-community-reference.spec.ts:8:3 › COMMUNITY-E2E-shuffling-horror checkpoint → public store action → Community Guardian
[2/3] e2e\phase11a3-community-reference.spec.ts:8:3 › COMMUNITY-E2E-templars checkpoint → public store action → Community Guardian
[3/3] e2e\phase11a3-community-reference.spec.ts:8:3 › COMMUNITY-E2E-mammoth-cyst checkpoint → public store action → Community Guardian
  3 passed (12.3s)
vite v5.4.21 building for production...
transforming...
✓ 1463 modules transformed.
rendering chunks...
computing gzip size...
dist/assets/index-Bsfyjpf-.html                                                         0.32 kB │ gzip:   0.25 kB
dist/index.html                                                                         0.42 kB │ gzip:   0.31 kB
dist/assets/index-lRdI5UY8.html                                                         0.42 kB │ gzip:   0.31 kB
dist/assets/ancestor-second-form-hHNKGbAf.ts                                            4.10 kB
dist/assets/DiseaseAcquisitionOverlay-un7yQn2n.tsx                                      4.11 kB
dist/assets/curio-DPoXavWQ.ts                                                           4.12 kB
dist/assets/mammoth-cyst-guardian-tveUGyGB.ts                                           4.13 kB
dist/assets/ActFourHeader-BqG6eZNt.tsx                                                  4.13 kB
dist/assets/templar-impaler-WA_iXGw7.ts                                                 4.13 kB
dist/assets/production-command-audit.test-LFYW2i5E.ts                                   4.15 kB
dist/assets/boss-registry-BCDXugj7.ts                                                   4.15 kB
dist/assets/SkillBar-s8Jscl-f.tsx                                                       4.20 kB
dist/assets/heart-attack-C74TQtAY.ts                                                    4.22 kB
dist/assets/evidence-verify-adversarial-DNJZrY6w.log                                    4.25 kB
dist/assets/phase-11a3-community-visual-asset-final-acceptance-report-iE3GUgxK.md       4.25 kB
dist/assets/dual-boss-encounter-DWhcjrBm.ts                                             4.27 kB
dist/assets/threat-registry-Bxmb6iLu.ts                                                 4.39 kB
dist/assets/runtime-sources.test-S0a4tFOz.ts                                            4.39 kB
dist/assets/blacksmith-DHEgcKdk.ts                                                      4.39 kB
dist/assets/replacement-Dn8h2gTv.ts                                                     4.39 kB
dist/assets/verify-phase11a3-infrastructure-acceptance-Dx4vqqAs.ts                      4.42 kB
dist/assets/registry-consistency.test-y-x6YdJP.ts                                       4.48 kB
dist/assets/campaign-invariants.test-C-L3Twfx.ts                                        4.51 kB
dist/assets/ancestor-room-gr3yLuGi.ts                                                   4.51 kB
dist/assets/hero-death-RCfLdEHb.ts                                                      4.52 kB
dist/assets/SkillLoadoutPage-DaQY8jpM.tsx                                               4.54 kB
dist/assets/gestating-heart-Byc9jRwS.ts                                                 4.54 kB
dist/assets/heart-of-darkness-cqcHQExs.ts                                               4.59 kB
dist/assets/resolve-campaign-victory-BAIO2XHd.ts                                        4.61 kB
dist/assets/trinket-NEPsPVCi.ts                                                         4.66 kB
dist/assets/generate-community-visual-identity-lock-BAdYiTjb.mjs                        4.68 kB
dist/assets/quirk-passives-BJ7qMLoK.ts                                                  4.69 kB
dist/assets/01-content-manifest-BgdTaA_-.md                                             4.70 kB
dist/assets/e2e-player-harness-DryW6384.ts                                              4.70 kB
dist/assets/phase-10a-darkest-dungeon-data-audit-CWFMXg3u.md                            4.76 kB
dist/assets/skill-level-registry-shrli6Rt.ts                                            4.77 kB
dist/assets/verify-community-visual-assets-mutations-Dc9QYgQg.mts                       4.77 kB
dist/assets/stagecoach-CfWJLlUo.ts                                                      4.84 kB
dist/assets/body-slam-hook-DN2TI9he.ts                                                  4.92 kB
dist/assets/replacement-contract.test-BPep7eTm.ts                                       4.93 kB
dist/assets/final-provision-policy-Dgauf630.ts                                          4.97 kB
dist/assets/03-golden-run-and-replay-vax_oxBb.md                                        5.01 kB
dist/assets/community-runtime-final.test-BzeS5yuf.ts                                    5.06 kB
dist/assets/GameShell-DkteXxWO.tsx                                                      5.12 kB
dist/assets/generate-community-reference-normalized-B7Ouc6Bm.mjs                        5.12 kB
dist/assets/ancestor-first-form-CuZ0pv24.ts                                             5.15 kB
dist/assets/room-hazards-CGmKOUeJ.ts                                                    5.15 kB
dist/assets/performance-baseline-Bn8ZHCqz.ts                                            5.27 kB
dist/assets/capability-test-support-BFA9Fq3f.ts                                         5.28 kB
dist/assets/shuffling-horror-victory-31fx7zE7.ts                                        5.29 kB
dist/assets/phase11a2-critical-campaign.spec-3gpXGodG.ts                                5.35 kB
dist/assets/rules-E6rvEneH.ts                                                           5.46 kB
dist/assets/pre-gate-xYUNgWwv.json                                                      5.53 kB │ gzip:   0.90 kB
dist/assets/verify-community-reference-binding-DyljEkT8.ts                              5.55 kB
dist/assets/TrinketSlots-DY67TUf-.tsx                                                   5.57 kB
dist/assets/TrinketAllocationOverlay-CLFDcXZu.tsx                                       5.59 kB
dist/assets/shuffling-horror-death-CLr9w76W.ts                                          5.65 kB
dist/assets/sanitarium-8EHfNopY.ts                                                      5.66 kB
dist/assets/HamletHeroCard-o1-VJJ6K.tsx                                                 5.70 kB
dist/assets/runtime-sources-BhtpPX-k.ts                                                 5.73 kB
dist/assets/necromancer.test-Dpcyoewd.ts                                                5.78 kB
dist/assets/golden-run.test-RZ4JDvpm.ts                                                 5.78 kB
dist/assets/resolve-conversion-ClGl7djC.ts                                              5.81 kB
dist/assets/fanatic-BIaCdAd9.ts                                                         5.85 kB
dist/assets/mammoth-cyst-room-C6VJOZqV.ts                                               5.88 kB
dist/assets/mammoth-cyst-action-override-BjUKMvu-.ts                                    5.88 kB
dist/assets/mammoth-cyst-actors-EjT30vdj.ts                                             5.93 kB
dist/assets/official-source-acquisition-checklist-DMXXcquG.md                           5.93 kB
dist/assets/commandContractPasses-DhChnQm7.json                                         5.95 kB │ gzip:   1.37 kB
dist/assets/commandContractPasses-BocM9Ryj.json                                         5.96 kB │ gzip:   1.38 kB
dist/assets/commandContractPasses-CNOc0SRi.json                                         5.96 kB │ gzip:   1.38 kB
dist/assets/hero-level-registry-1egAH8Ti.ts                                             5.97 kB
dist/assets/prototype-trinkets-C0CyoOdX.ts                                              5.99 kB
dist/assets/BattlePage-B7-l3r3p.tsx                                                     5.99 kB
dist/assets/resolve-test-BfrpugT-.ts                                                    6.03 kB
dist/assets/pre-gate-CVyScK_N.json                                                      6.04 kB │ gzip:   0.95 kB
dist/assets/pre-gate-t95ekNHu.json                                                      6.04 kB │ gzip:   0.95 kB
dist/assets/phase-9d-collector-data-audit-DNHZBKnr.md                                   6.06 kB
dist/assets/final-DlmXzPxD.json                                                         6.06 kB │ gzip:   1.06 kB
dist/assets/phase-10d-shuffling-horror-data-audit-BW8h7WjH.md                           6.07 kB
dist/assets/community-runtime-guardian.test-CiHbjlD6.ts                                 6.08 kB
dist/assets/phase8d-blacksmith.test-BYSIfIp0.ts                                         6.09 kB
dist/assets/phase2.test-BO094ttf.ts                                                     6.11 kB
dist/assets/test-policy-boundary.test-CCQoHXGt.ts                                       6.12 kB
dist/assets/community-engine-capabilities-C0Yisq7p.ts                                   6.14 kB
dist/assets/edge-room-placement-Br1da8DV.ts                                             6.18 kB
dist/assets/quest-objectives-DyXcx1ek.ts                                                6.21 kB
dist/assets/02-rule-traceability-and-rng-BzOr_nEZ.md                                    6.23 kB
dist/assets/content-manifest.test-Bq5d3s_J.ts                                           6.28 kB
dist/assets/darkest-dungeon-family-B6OufKzf.ts                                          6.29 kB
dist/assets/passive-collector-BWPhHF1p.ts                                               6.32 kB
dist/assets/trinket-registry-BGltsyXo.ts                                                6.52 kB
dist/assets/report-consistency.test-Dm38EhtF.ts                                         6.54 kB
dist/assets/templars-pit-triggers-CgP8f1vP.ts                                           6.55 kB
dist/assets/final-D6Vlv8tN.json                                                         6.58 kB │ gzip:   1.11 kB
dist/assets/final-DsCE4Nz2.json                                                         6.58 kB │ gzip:   1.11 kB
dist/assets/battle-Pfh4-PXz.ts                                                          6.58 kB
dist/assets/content-BhKH7o0N.ts                                                         6.59 kB
dist/assets/echoing-disassembly-summon-Oi0AbEmm.ts                                      6.59 kB
dist/assets/acquire-trinket-Cr5DeCK7.ts                                                 6.60 kB
dist/assets/collector-Be8fg0WN.ts                                                       6.61 kB
dist/assets/phase11a3-state-machine.test-xfRKbOES.ts                                    6.63 kB
dist/assets/unlock-act-four-D9sCeEhG.ts                                                 6.64 kB
dist/assets/validate-D5iuHzPe.ts                                                        6.65 kB
dist/assets/prophet-DkMnSiuY.ts                                                         6.65 kB
dist/assets/game-command-route-contract.test-CCtFbZH_.ts                                6.69 kB
dist/assets/production-command-architecture.test-fMtCIurj.ts                            6.72 kB
dist/assets/quest-DSw7SNk4.ts                                                           6.74 kB
dist/assets/community-runtime-save-replay.test-C-DA0Waa.ts                              6.76 kB
dist/assets/templars-content-validation-DLxSfTHB.ts                                     6.79 kB
dist/assets/xp-ledger-gYt6hO3U.ts                                                       6.79 kB
dist/assets/phase10a-debug-panel-smoke.spec-DBg6vJFa.ts                                 6.81 kB
dist/assets/exploration-BCL3VJ_k.ts                                                     6.84 kB
dist/assets/phase8d-save.test-B9o0YwBV.ts                                               6.85 kB
dist/assets/room-hazard-trigger-C6biOu3P.ts                                             7.04 kB
dist/assets/allocate-trinket-Dshi0YFD.ts                                                7.06 kB
dist/assets/Phase10A_Validation_Report-D_vLeeqe.md                                      7.11 kB
dist/assets/cli-exit-contract.test-ChkH5MAZ.ts                                          7.15 kB
dist/assets/phase-9c-prophet-data-audit-BE32vkFx.md                                     7.17 kB
dist/assets/rng-audit-DKdUP4Yi.ts                                                       7.17 kB
dist/assets/phase-9e-fanatic-pyre-data-audit-z2kV_xcR.md                                7.31 kB
dist/assets/FanaticPyreDebugSection-BgnF7pmo.tsx                                        7.32 kB
dist/assets/templars-room-Fsfs1K6a.ts                                                   7.33 kB
dist/assets/community-runtime-freeze-evidence.test-CtrabE7N.ts                          7.34 kB
dist/assets/runtime-B3xmT3a5.ts                                                         7.45 kB
dist/assets/phase-10d-shuffling-horror-final-report-B2DbpvyB.md                         7.49 kB
dist/assets/community-visual-asset-resolver.test-Bvgpt7lu.ts                            7.55 kB
dist/assets/final-encounter-CM1_zGs3.ts                                                 7.61 kB
dist/assets/community-runtime-adversarial.test-CcBGAPjv.ts                              7.65 kB
dist/assets/mammoth-cyst-content-validation-Bh7e6X0C.ts                                 7.79 kB
dist/assets/progression-Dw1CbSGS.ts                                                     7.81 kB
dist/assets/threat-passives-DIPBhNHE.ts                                                 7.82 kB
dist/assets/diseases-D5b4SLnb.ts                                                        7.83 kB
dist/assets/skills-DV46-DDF.ts                                                          7.83 kB
dist/assets/vertical-campaign.integration.test-BLW04_3U.ts                              7.84 kB
dist/assets/heart-of-darkness-Bj97HCEg.ts                                               7.84 kB
dist/assets/necromancer-family-CjQa9VQf.ts                                              7.86 kB
dist/assets/ancestor-second-form-BINKuF1L.ts                                            7.93 kB
dist/assets/campaign-progress-Cbb7xGAB.ts                                               7.93 kB
dist/assets/content-runtime-DkV9Styn.ts                                                 7.94 kB
dist/assets/verify-phase11a2-final-Ct_tdQ_r.ts                                          7.95 kB
dist/assets/regression-notes-DLke_GsM.md                                                7.97 kB
dist/assets/guardian-registry-qeBqeSzg.ts                                               7.98 kB
dist/assets/shuffling-horror-CHge3dt5.ts                                                7.98 kB
dist/assets/threat-selection-DRkTFpkV.ts                                                8.02 kB
dist/assets/community-engine-capability-save-replay.test-RRj6Cka8.ts                    8.05 kB
dist/assets/official-guardian-assembly-contract.test-BR5xP7Eu.ts                        8.08 kB
dist/assets/NomadWagonPanel-CHczOSSt.tsx                                                8.09 kB
dist/assets/saveReplay.vitest-D172L3va.json                                             8.21 kB │ gzip:   1.23 kB
dist/assets/white-cell-stalk-death-Ghamp151.ts                                          8.32 kB
dist/assets/critical-e2e-0npq3pg0.json                                                  8.45 kB │ gzip:   1.51 kB
dist/assets/critical-e2e-DDjnfshj.json                                                  8.46 kB │ gzip:   1.51 kB
dist/assets/critical-e2e-DSA031vA.json                                                  8.46 kB │ gzip:   1.51 kB
dist/assets/shuffling-horror-action-DfP9PLot.ts                                         8.52 kB
dist/assets/golden-seeds-BREnpB_t.json                                                  8.55 kB │ gzip:   1.33 kB
dist/assets/battle-trinket-bridge-BhW0ie4L.ts                                           8.55 kB
dist/assets/draw-quest-Cksz9ppN.ts                                                      8.56 kB
dist/assets/trinket-state-Cwr_94dV.ts                                                   8.62 kB
dist/assets/quest-result-D2WOSIac.ts                                                    8.72 kB
dist/assets/templars-victory-BeezfZpM.ts                                                8.78 kB
dist/assets/generate-community-visual-contact-sheet-eqDcOpKP.mts                        8.80 kB
dist/assets/release-gate-DcWbEdak.json                                                  8.82 kB │ gzip:   2.63 kB
dist/assets/golden-run-lvmif1qp.json                                                    8.83 kB │ gzip:   1.28 kB
dist/assets/room-registry-BDTfiZZI.ts                                                   8.90 kB
dist/assets/adversarial.vitest-CGpBmTqy.json                                            9.09 kB │ gzip:   1.45 kB
dist/assets/mammoth-cyst-victory-DZMmVFoE.ts                                            9.23 kB
dist/assets/TemplarsEncounterPanel-dar7JzFx.tsx                                         9.24 kB
dist/assets/GuildPanel-B2iixYFD.tsx                                                     9.32 kB
dist/assets/phase-9d-collector.spec-zXfKgzjP.ts                                         9.46 kB
dist/assets/official-guardian-assembly-Cf3ijwNv.ts                                      9.51 kB
dist/assets/productionCommandTestsPasses-CJX8MhlZ.json                                  9.52 kB │ gzip:   1.77 kB
dist/assets/productionCommandTestsPasses-BfmrANCz.json                                  9.52 kB │ gzip:   1.77 kB
dist/assets/productionCommandTestsPasses-DobCXMNZ.json                                  9.52 kB │ gzip:   1.77 kB
dist/assets/DungeonExplorePage-DDeK28kV.tsx                                             9.55 kB
dist/assets/trinket-opportunities-rZOp3gMT.ts                                           9.62 kB
dist/assets/campaign-flow.test-BmBkIrqY.ts                                              9.64 kB
dist/assets/phase8d-replacement.test-DqhEthsV.ts                                        9.67 kB
dist/assets/rule-traceability-CtjYlBqL.ts                                               9.85 kB
dist/assets/templars-DyR4oOUg.ts                                                        9.86 kB
dist/assets/stress-DzLk1_UX.ts                                                          9.86 kB
dist/assets/quest-registry-OWj5l7ep.ts                                                  9.93 kB
dist/assets/dungeon-CQWhpkS0.ts                                                        10.00 kB
dist/assets/final-encounter-outcome-Dv6Y3dvX.ts                                        10.05 kB
dist/assets/final-form-runtime-VjcUx54y.ts                                             10.07 kB
dist/assets/rule-traceability-DqPnvZW8.json                                            10.10 kB │ gzip:   2.20 kB
dist/assets/phase8d-quest-xp.test-GW2QFxzT.ts                                          10.14 kB
dist/assets/acquire-disease-cpBLSsFx.ts                                                10.21 kB
dist/assets/shuffling-horror-content-validation-BCd_cYHv.ts                            10.22 kB
dist/assets/guild-C2MYXGMZ.ts                                                          10.22 kB
dist/assets/community-runtime-truth-gate.test-hhYlPGHw.ts                              10.25 kB
dist/assets/campaign-CPIP79vk.ts                                                       10.26 kB
dist/assets/gestating-heart-CHQsQb0Q.ts                                                10.32 kB
dist/assets/damage-B7Wxpd6u.ts                                                         10.32 kB
dist/assets/upgrade-core-B_nl6L6b.ts                                                   10.41 kB
dist/assets/campaign-invariants-B-IUk98Z.ts                                            10.43 kB
dist/assets/HomePage-DPTV_4nY.tsx                                                      10.53 kB
dist/assets/production-command-audit-D9Og-26N.ts                                       10.57 kB
dist/assets/resolve-pit-toss-CUIbzLv2.ts                                               10.65 kB
dist/assets/phase5.spec-B93YJpqB.ts                                                    10.69 kB
dist/assets/registry-DJQ2szt7.ts                                                       10.80 kB
dist/assets/quirks-aSYCYvnT.ts                                                         10.80 kB
dist/assets/community-engine-capability-adversarial.test-mSol4CvV.ts                   10.92 kB
dist/assets/types-CQaT30Cu.ts                                                          10.96 kB
dist/assets/ReplacementPage-NyyXa0lZ.tsx                                               11.07 kB
dist/assets/reference-validation-C53jcM8n.ts                                           11.11 kB
dist/assets/layout-registry-DpqIFd-t.ts                                                11.16 kB
dist/assets/MammothCystEncounterPanel-DGxzD966.tsx                                     11.18 kB
dist/assets/status-effects-04mFSbXg.ts                                                 11.20 kB
dist/assets/community-engine-capability-production.test-BMqzv58d.ts                    11.22 kB
dist/assets/trinkets-BUhnnWO3.ts                                                       11.29 kB
dist/assets/content-manifest-DR6NS_xU.ts                                               11.35 kB
dist/assets/phase-11a2-1-final-report-70A2LPM6.md                                      11.39 kB
dist/assets/community-engine-final-acceptance-contract-DJGf-Zpn.ts                     11.41 kB
dist/assets/golden-seeds-DtZ6U0FP.ts                                                   11.46 kB
dist/assets/nomad-wagon-B9usS5T0.ts                                                    11.54 kB
dist/assets/phase-10b-templars-data-audit-BxuA_GSb.md                                  11.56 kB
dist/assets/prepare-final-encounter-TTN-utPv.ts                                        12.00 kB
dist/assets/community-engine-blocker-triage-DFKFD8zR.json                              12.01 kB │ gzip:   1.86 kB
dist/assets/V01-community-quest-reveal-DEiZG8se.png                                    12.06 kB
dist/assets/FinalFormMechanicsPanel-DuvCYcjp.tsx                                       12.09 kB
dist/assets/community-reference-runtime-evidence-wkStqMKP.json                         12.18 kB │ gzip:   2.52 kB
dist/assets/prototype-act-progression-CAJuHyN_.ts                                      12.36 kB
dist/assets/use-trinket-DlHabDe_.ts                                                    12.38 kB
dist/assets/final-hamlet-CkfSbvOQ.ts                                                   12.44 kB
dist/assets/phase-11a3-source-blocked-report-BgQV2Myw.md                               12.46 kB
dist/assets/phase-11a2-final-report-DknNGNPJ.md                                        12.69 kB
dist/assets/phase10c-mammoth-cyst.spec-Ei2Xz2lI.ts                                     12.74 kB
dist/assets/source-readiness-D5YxpAN9.json                                             12.88 kB │ gzip:   1.89 kB
dist/assets/mental-effects-D8SSCIya.ts                                                 12.96 kB
dist/assets/command-differential.test-BjGZjf4h.ts                                      12.98 kB
dist/assets/ancestor-first-form-DWt26-J7.ts                                            12.99 kB
dist/assets/replacement-CBLvxQYe.ts                                                    13.05 kB
dist/assets/final-form-registry-C4fWWPpO.ts                                            13.11 kB
dist/assets/phase-10e-final-encounter-data-audit-93Kzahww.md                           13.30 kB
dist/assets/phase-10c-mammoth-cyst-data-audit-DF7gsWv6.md                              13.43 kB
dist/assets/game-command-route-contract-BQbQzLE3.ts                                    13.47 kB
dist/assets/excavation-site-4GqN_Hhs.ts                                                13.54 kB
dist/assets/verify-community-visual-assets-pcFrhmC0.mjs                                13.57 kB
dist/assets/verify-phase11a2-3-DGVAzY7R.ts                                             13.65 kB
dist/assets/phase-9c-prophet.spec-DUU93SxB.ts                                          13.78 kB
dist/assets/index-K9HR-T1e.ts                                                          13.83 kB
dist/assets/execute-mammoth-cyst-action-D2Xddagh.ts                                    13.88 kB
dist/assets/DebugPanel-BZitDtYs.tsx                                                    13.94 kB
dist/assets/ShufflingHorrorEncounterPanel-B9phDccM.tsx                                 13.95 kB
dist/assets/TemplarsDebugSection-ksmSfFGb.tsx                                          14.16 kB
dist/assets/official-source-audit.test-DqudJuYT.ts                                     14.19 kB
dist/assets/dungeon-map-DIqyMH-e.ts                                                    14.22 kB
dist/assets/phase10d-shuffling-horror.spec-D9VOtpVc.ts                                 14.34 kB
dist/assets/phase-9e-fanatic-pyre.spec-D43zCheo.ts                                     14.40 kB
dist/assets/production.vitest-BTeqGPsp.json                                            14.46 kB │ gzip:   1.66 kB
dist/assets/verify-community-reference-runtime-BBxDBoZK.ts                             14.57 kB
dist/assets/phase5.test-Comf1agc.ts                                                    14.59 kB
dist/assets/transition-final-form-dnwb8v-B.ts                                          14.72 kB
dist/assets/phase7.spec-5YM6NeH9.ts                                                    14.88 kB
dist/assets/ShufflingHorrorDebugSection-MIHsO5-1.tsx                                   15.10 kB
dist/assets/hamlet-B0uiC-6B.ts                                                         15.13 kB
dist/assets/MammothCystDebugSection-mvv104T0.tsx                                       15.15 kB
dist/assets/official-source-CMS_triT.ts                                                15.23 kB
dist/assets/act-four-state-5DKvLR4y.ts                                                 15.34 kB
dist/assets/mammoth-cyst-BoRzcJUa.ts                                                   15.51 kB
dist/assets/bosses-DOmm4zy3.ts                                                         15.59 kB
dist/assets/prophet-family-kmQUZCLM.ts                                                 15.63 kB
dist/assets/phase-11a2-3-final-report-Br4UqnBE.md                                      15.65 kB
dist/assets/report-writer-BreHCamS.ts                                                  15.86 kB
dist/assets/phase-11a2-3r-final-report-BjUwK_yF.md                                     16.04 kB
dist/assets/summon-white-cell-stalk-XzivR4vK.ts                                        16.17 kB
dist/assets/final-forms-VlqtMbe9.ts                                                    16.23 kB
dist/assets/phase-11a2-2-final-report-DMa9p-ms.md                                      16.24 kB
dist/assets/fanatic-family-Dc-c7b2K.ts                                                 16.36 kB
dist/assets/final-form-sequence-CPeen5Y3.ts                                            16.48 kB
dist/assets/phase-11a-final-report-BLVdC0ML.md                                         16.52 kB
dist/assets/collector.test-DQ_A_z2q.ts                                                 16.90 kB
dist/assets/act-four-C3brx8oy.ts                                                       16.91 kB
dist/assets/performance-baseline-0_LrTlSm.ts                                           17.00 kB
dist/assets/official-field-provenance-DeengM9V.json                                    17.01 kB │ gzip:   2.47 kB
dist/assets/asset-inventory-BFBYSfVI.json                                              17.11 kB │ gzip:   3.04 kB
dist/assets/phase3.test-Xadkul__.ts                                                    17.18 kB
dist/assets/phase10e-final-encounter.spec-DiNnfpsf.ts                                  17.31 kB
dist/assets/phase-11a3-community-visual-asset-integration-report-D4tKBfU9.md           17.34 kB
dist/assets/resolve-teleportation-Ce6KYnhy.ts                                          17.47 kB
dist/assets/phase8c.spec-BNYOcTmY.ts                                                   17.72 kB
dist/assets/phase-11a1-campaign-orchestration-final-report-DpxDYiTX.md                 18.29 kB
dist/assets/guardian-quest-817qsbM-.ts                                                 18.38 kB
dist/assets/templars-registry-DwLawxUh.ts                                              18.45 kB
dist/assets/release-gate-DsaGT2aN.ts                                                   18.82 kB
dist/assets/runtime-profile-DIri0zeT.ts                                                18.87 kB
dist/assets/phase8c.test-BhDn90FT.ts                                                   18.97 kB
dist/assets/verify-community-engine-capability-final-acceptance-CFcXxUY_.ts            19.23 kB
dist/assets/HamletPage-aHmO8-ak.tsx                                                    19.73 kB
dist/assets/production-adapters-Thdk0Tia.ts                                            19.79 kB
dist/assets/mammoth-cyst-registry-DrwDCW7g.ts                                          19.80 kB
dist/assets/quirks-D2KqHwNQ.ts                                                         19.97 kB
dist/assets/phase4.test-lZE9cFY2.ts                                                    20.09 kB
dist/assets/community-monster-physical-provenance-TZeyvov6.json                        21.02 kB │ gzip:   2.67 kB
dist/assets/runtime-profile.test-BU0YQqW2.ts                                           21.49 kB
dist/assets/runtime-DZbY_x6Y.ts                                                        21.54 kB
dist/assets/phase7.test-DB5Jn_HY.ts                                                    21.63 kB
dist/assets/final-report-CDEVS-3W.ts                                                   21.71 kB
dist/assets/final-form-actions-BZSUQk6l.ts                                             21.98 kB
dist/assets/collector-family-CesgyZP-.ts                                               22.12 kB
dist/assets/ActFourDebugSection-RptkRN4z.tsx                                           22.13 kB
dist/assets/official-trinket-import-template-WT5IZoT_.json                             22.15 kB │ gzip:   1.40 kB
dist/assets/triage.vitest-C4PRGQw8.json                                                22.92 kB │ gzip:   3.15 kB
dist/assets/campaign-orchestrator-D5QypWzV.ts                                          23.64 kB
dist/assets/phase10a-act-four-framework.spec-C15LJHfi.ts                               24.30 kB
dist/assets/simulation-driver-DoiLKs3r.ts                                              24.62 kB
dist/assets/shuffling-horror-runtime-DUwiQuWA.ts                                       24.73 kB
dist/assets/runtime-7HUnCR8c.ts                                                        25.05 kB
dist/assets/final-forms.test-DBmyguMU.ts                                               25.26 kB
dist/assets/prophet.test-C8qfL5aH.ts                                                   26.41 kB
dist/assets/mammoth-cyst-runtime-DkvH4_N4.ts                                           26.99 kB
dist/assets/phase8d.spec-CkJQfwO-.ts                                                   27.31 kB
dist/assets/verify-phase11a3-source-gate-Bep7VFMq.ts                                   27.33 kB
dist/assets/phase8a.test-bMPIa0k5.ts                                                   27.49 kB
dist/assets/official-source-requirements-KBq_z-yj.ts                                   27.51 kB
dist/assets/phase8d-guild.test-BwIpm8bB.ts                                             28.02 kB
dist/assets/campaign-orchestrator.test-AFUk9QaV.ts                                     28.39 kB
dist/assets/import-community-reference-assets-DPJFkEKC.mjs                             28.86 kB
dist/assets/templars-runtime-C9OG5_Mm.ts                                               29.95 kB
dist/assets/fanatic.test-CTUUXx8P.ts                                                   30.70 kB
dist/assets/official-source-manifest-Df0RdL5b.json                                     31.75 kB │ gzip:   4.17 kB
dist/assets/evidence-regression-vitest-DuFNNvQT.log                                    32.17 kB
dist/assets/verification-results-CPT411Ey.json                                         33.09 kB │ gzip:   6.85 kB
dist/assets/official-source-audit-6nU6UUsh.ts                                          33.26 kB
dist/assets/community-visual-asset-contact-sheet-DDvmZsjQ.json                         34.86 kB │ gzip:   4.79 kB
dist/assets/useGameStore-MOB-ZDfz.ts                                                   35.09 kB
dist/assets/battle-tb0qOQa8.ts                                                         35.58 kB
dist/assets/shuffling-horror.test-DM9hBrsU.ts                                          37.72 kB
dist/assets/mammoth-cyst.test-BaDivwNA.ts                                              38.69 kB
dist/assets/build-Bd-bO1iH.log                                                         40.32 kB
dist/assets/runtime-field-coverage-D0sZT-Zv.ts                                         44.53 kB
dist/assets/templars.test-VWS4V618.ts                                                  44.54 kB
dist/assets/act-four.test-D9Kr_wGd.ts                                                  44.68 kB
dist/assets/runtime-BGWEkWYO.ts                                                        45.00 kB
dist/assets/index-DPJT6HVL.ts                                                          49.08 kB
dist/assets/save-DhYQXBMl.ts                                                           70.87 kB
dist/assets/run-audit-BjjvzUe4.ts                                                      71.61 kB
dist/assets/community-visual-identity-lock-CKtynnqA.json                               72.55 kB │ gzip:   4.15 kB
dist/assets/manifest-DisJj3ZH.json                                                     76.78 kB │ gzip:   4.52 kB
dist/assets/replay-bundle-golden-normal-success-01-CKbjThZm.json                       77.19 kB │ gzip:   8.23 kB
dist/assets/community-visual-asset-manifest-moU9OyP2.json                              78.51 kB │ gzip:   8.91 kB
dist/assets/community-runtime-field-coverage-BMVnRKjn.json                             82.27 kB │ gzip:   6.16 kB
dist/assets/package-lock-DGKvop4o.json                                                123.31 kB │ gzip:  21.58 kB
dist/assets/monster-antibody.front-BfLqYFKq.png                                       187.78 kB
dist/assets/monster-antibody-351f3c.front-QT4MM-jQ.png                                188.82 kB
dist/assets/monster-antibody-a0b399.front-f4xGlI9c.png                                189.56 kB
dist/assets/templars-room.front-Biz5zGk0.png                                          190.97 kB
dist/assets/evidence-build-BQx47_pl.log                                               191.59 kB
dist/assets/V03-community-mammoth-cyst-CR-LWM8n.png                                   194.92 kB
dist/assets/mammoth-cyst-room.front-hAWGDYS7.png                                      195.44 kB
dist/assets/monster-defensive-growth-ed4bc0.front-B_ahFHo5.png                        198.22 kB
dist/assets/monster-defensive-growth.front-CzHRYurJ.png                               198.63 kB
dist/assets/monster-defensive-growth-014fb5.front-C7Djqoh3.png                        198.96 kB
dist/assets/monster-rapturous-cultist-6c46af.front-DHzFa6qN.png                       202.00 kB
dist/assets/monster-rapturous-cultist-ec3703.front-q9weZLbQ.png                       202.09 kB
dist/assets/source-reference-index-BJRicxlh.json                                      203.71 kB │ gzip:   6.52 kB
dist/assets/monster-rapturous-cultist.front-o_DAV6xN.png                              203.90 kB
dist/assets/malignant-growth-f06594.front-BUq_-p6E.png                                207.07 kB
dist/assets/malignant-growth-a34fbd.front-d_-ia7yx.png                                207.29 kB
dist/assets/malignant-growth.front-cMWyqxjI.png                                       209.29 kB
dist/assets/monster-polyp-1b182b.front-cUm6l-T2.png                                   209.32 kB
dist/assets/shuffling-horror-room.front-C_WJErQd.png                                  209.70 kB
dist/assets/ancestor-room.front-DMLmP4oz.png                                          211.53 kB
dist/assets/monster-flesh-hound.front-fz2bvyWA.png                                    211.84 kB
dist/assets/monster-polyp-47d664.front-BOP0qcjG.png                                   211.98 kB
dist/assets/monster-flesh-hound-dc3db6.front-AjESFAUt.png                             212.46 kB
dist/assets/monster-polyp.front-BnDYdcyq.png                                          212.74 kB
dist/assets/cultist-priest-0ba2f8.front-tzb2NPlD.png                                  216.28 kB
dist/assets/cultist-priest-1b261d.front-C-9qW9BF.png                                  218.00 kB
dist/assets/monster-ascended-witch.front-BgCjUL9u.png                                 218.14 kB
dist/assets/white-cell-stalk.front-8cWetBPb.png                                       218.30 kB
dist/assets/cultist-priest.front-0FV38HQp.png                                         218.34 kB
dist/assets/imperfect-reflection.front-rrmg24Dp.png                                   218.90 kB
dist/assets/monster-ascended-brawler-9d16dc.front-CWbMUHJH.png                        219.74 kB
dist/assets/V02-community-templars-CZnLG2Gw.png                                       220.56 kB
dist/assets/monster-ascended-witch-4cba93.front-B2MVAtop.png                          220.78 kB
dist/assets/monster-ascended-witch-23df79.front-BGMovSls.png                          220.87 kB
dist/assets/imperfect-reflection-95ec7b.front-BnrF1pPD.png                            221.32 kB
dist/assets/monster-ascended-brawler-15687c.front-8SSPudMF.png                        221.39 kB
dist/assets/perfect-reflection-695dfa.front-T1u4hUJj.png                              221.40 kB
dist/assets/monster-ascended-brawler.front-Cs3u45Hy.png                               221.95 kB
dist/assets/perfect-reflection-e75d33.front-BPmjEIyI.png                              222.34 kB
dist/assets/imperfect-reflection-d57825.front-Cxvgn3Ty.png                            222.62 kB
dist/assets/perfect-reflection.front-s2Owz-ni.png                                     222.63 kB
dist/assets/source-binding-manifest-C1i0mZ8f.json                                     229.57 kB │ gzip:   8.24 kB
dist/assets/ancestor-first-form.front-XVDI-mE5.png                                    232.88 kB
dist/assets/V04-community-shuffling-horror-CBzL-JwC.png                               251.41 kB
dist/assets/normalized-requirements-CZZWV6zw.json                                     277.49 kB │ gzip:  19.68 kB
dist/assets/quest-we-are-the-flame.front-Dz-pKE4B.png                                 284.01 kB
dist/assets/quest-belly-of-the-beast.front-Dw52YF-N.png                               294.01 kB
dist/assets/unitPasses-CLZpxEwx.json                                                  297.98 kB │ gzip:  46.13 kB
dist/assets/unitPasses-uEKtMvaz.json                                                  298.15 kB │ gzip:  46.16 kB
dist/assets/unitPasses-6HYN2rSv.json                                                  298.18 kB │ gzip:  46.32 kB
dist/assets/quest-light-the-way.front-BZ9cUbUm.png                                    300.74 kB
dist/assets/V06-community-final-encounter-Ca7AHnRp.png                                309.04 kB
dist/assets/mammoth-cyst.front-P3LHn-7M.png                                           459.24 kB
dist/assets/gestating-heart.front-BoE-saqW.png                                        467.28 kB
dist/assets/templars-impaler.front-CfZizH4z.png                                       485.52 kB
dist/assets/templars-warlord.front-moWIGMfS.png                                       493.82 kB
dist/assets/heart-of-darkness.front-DGt47Qco.png                                      503.75 kB
dist/assets/ancestor-second-form.front-CRM8UJJL.png                                   510.05 kB
dist/assets/shuffling-horror.front-q7tOM-w2.png                                       510.33 kB
dist/assets/dungeon-tile-d10a24.front-CSd5dAFs.png                                  1,053.24 kB
dist/assets/dungeon-tile-4ced96.front-BeC5SgXD.png                                  1,060.54 kB
dist/assets/index-4Rp6iEWO-BH5Dz8Sh.js                                              2,151.81 kB
dist/assets/mammoth-cyst-room-tile.front-C6M8SioA.png                               2,382.49 kB
dist/assets/templars-room-tile.front-Dy4sKw8C.png                                   2,515.96 kB
dist/assets/shuffling-horror-room-tile.front-BNuvLC3r.png                           2,564.73 kB
dist/assets/ancestor-room-tile.front-DvHkeq40.png                                   2,750.50 kB
dist/assets/community-visual-asset-contact-sheet-Cz9H_cYn.png                       6,460.02 kB
dist/assets/DD_EN_COREBOX_RULES-BORPXytz.pdf                                       97,942.80 kB
dist/assets/index-CdqHEjsk-CdqHEjsk.css                                                28.62 kB │ gzip:   5.98 kB
dist/assets/index-DjEeKfDx.js                                                       2,166.06 kB │ gzip: 565.22 kB
✓ built in 6.66s
=== Phase 11A.3 Source-Gate Final Acceptance Verification Pipeline ===

[typecheck] npx tsc --noEmit
[unit] npx vitest run --reporter=default
[commandContract] npx vitest run src/audit/core-campaign/game-command-route-contract.test.ts
[integration] npm run test:integration
[build] npm run build
[criticalE2E] npm.cmd run test:e2e:critical
[criticalE2ELifecycle] npm run test:e2e:lifecycle
[golden] npx vitest run src/audit/core-campaign
[replayContinuation] npx vitest run src/audit/core-campaign/replay-continuation.test.ts
[replayDeterminism] npx vitest run src/audit/core-campaign/replay-determinism.test.ts
[productionCommand] npm run audit:production-command
[officialSource] npm run audit:official-source
[contentAudit] npm run audit:content
[rulesAudit] npm run audit:rules
[releaseGate] npm run audit:release-gate
[finalReport] npm run audit:phase11a3-report

[verify-phase11a3-source-gate] wrote D:\darkest-dungoen-boardgame-acceptance-verification\docs\data\core-campaign\verification-results.json

verdict=SOURCE-BLOCKED
phase11A3Status=SOURCE-BLOCKED
openP0=1 openP1=0
sourceAllRequired=false
onlyOpenP0=ISSUE-P0-002
canCloseP0_002=false
canEnterPhase11B=false
canBeginOfficialImport=false
verificationFresh=true (before=bf741381b036, after=bf741381b036)
consistencyErrors=0
unmeasuredGateBits=0
officialSourceAuditPasses=true
releaseGateCommandExitCode=0 (artifactValid=true)
{
  "requirements": 26,
  "fields": 131,
  "references": 232,
  "bindings": 300,
  "hash": "382e479f84f79a9b3cc6b0256b2fa5dea100b3576244988f180b49e75ed78d2a"
}

 RUN  v2.1.9 D:/darkest-dungoen-boardgame-acceptance-verification

 ✓ src/data/darkest-dungeon/community-reference/validate.test.ts (23 tests) 93ms

 Test Files  1 passed (1)
      Tests  23 passed (23)
   Start at  15:43:58
   Duration  1.30s (transform 199ms, setup 0ms, collect 260ms, tests 93ms, environment 437ms, prepare 76ms)

{
  "schemaVersion": "phase11a3-community-reference-final-acceptance.v1",
  "runId": "83ed25fd-3eba-4cf6-8dc6-ace25bed2854",
  "measuredAt": "2026-09-13T07:44:06.963Z",
  "verifiedImplementationHead": "0f7ee7a8d8cc82bd40a6efadd3ce63541e8ad3eb",
  "evidencePublicationParent": "0f7ee7a8d8cc82bd40a6efadd3ce63541e8ad3eb",
  "inputPackageSha256": "382e479f84f79a9b3cc6b0256b2fa5dea100b3576244988f180b49e75ed78d2a",
  "committedArtifactHashes": {
    "normalized-requirements.json": "82e3f9794c81d021c158610ff47411a7ef0af7d68efe3d23631d9a7e68793562",
    "source-reference-index.json": "9c8daabe85c7b5cb4feb2f5d0d65dd7a812fff4c508946bf254c4f5d57879936",
    "source-binding-manifest.json": "30e383ae71d1ef00041276e081ced74156865d3cae3f3e17b3c1e29dfcd773b8"
  },
  "regeneratedArtifactHashes": {
    "normalized-requirements.json": "82e3f9794c81d021c158610ff47411a7ef0af7d68efe3d23631d9a7e68793562",
    "source-reference-index.json": "9c8daabe85c7b5cb4feb2f5d0d65dd7a812fff4c508946bf254c4f5d57879936",
    "source-binding-manifest.json": "30e383ae71d1ef00041276e081ced74156865d3cae3f3e17b3c1e29dfcd773b8"
  },
  "regenerationParity": true,
  "derivedCounts": {
    "requirements": 26,
    "fields": 131,
    "eligible": 126,
    "unresolved": 5
  },
  "sourceReferences": {
    "total": 108,
    "resolved": 108,
    "unresolved": 0
  },
  "bindings": {
    "expected": 228,
    "actual": 228,
    "unbound": [],
    "unexpected": []
  },
  "typedProjections": {
    "quests": 3,
    "guardians": 7,
    "rooms": 4,
    "dungeonTiles": 2,
    "finalEncounter": 10,
    "monsterPhysical": 26,
    "monsterLogical": 9
  },
  "blockedFields": [
    "tierB-templars-room.pitExitRule",
    "tierB-absolute-nothingness.stance",
    "tierB-gestating-heart.lethalWoundTimingRuling",
    "tierB-come-unto-your-maker.definition",
    "tierB-darkest-dungeon-monster-deck.drawPolicy"
  ],
  "adversarialTests": {
    "expected": 22,
    "run": 22,
    "passed": 22
  },
  "typecheckPasses": true,
  "commands": {
    "regeneration": {
      "exitCode": 0
    },
    "adversarialTests": {
      "exitCode": 0
    },
    "typecheck": {
      "exitCode": 0
    }
  },
  "officialGate": {
    "runId": "5d0655cc-9f4c-40b1-ae42-91fbb8279df2",
    "measuredAt": "2026-09-13T07:43:55.703Z",
    "phase11A3Status": "SOURCE-BLOCKED",
    "requiredMissing": 26,
    "optionalMissing": 1,
    "openP0": 1,
    "openP1": 0,
    "onlyOpenP0": "ISSUE-P0-002",
    "formalMatrixRun": 0,
    "formalMatrixExpected": 9,
    "canCloseP0_002": false,
    "canEnterPhase11B": false
  },
  "terminalVerdict": "COMMUNITY-REFERENCE-DATA-BOUND",
  "errors": []
}
{
  "schemaVersion": "phase11a3-community-runtime-freeze-evidence-closure.v1",
  "runId": "1d7d028f-5c91-45ec-a270-373dfded5cbf",
  "measuredAt": "2026-09-13T07:44:07.084Z",
  "verifiedImplementationHead": "0f7ee7a8d8cc82bd40a6efadd3ce63541e8ad3eb",
  "evidencePublicationParent": "0f7ee7a8d8cc82bd40a6efadd3ce63541e8ad3eb",
  "sourcePackageSha256": "382e479f84f79a9b3cc6b0256b2fa5dea100b3576244988f180b49e75ed78d2a",
  "normalizedRequirementsSha256": "82e3f9794c81d021c158610ff47411a7ef0af7d68efe3d23631d9a7e68793562",
  "sourceBindingManifestSha256": "30e383ae71d1ef00041276e081ced74156865d3cae3f3e17b3c1e29dfcd773b8",
  "bindingEvidenceRunId": "83ed25fd-3eba-4cf6-8dc6-ace25bed2854",
  "bindingEvidenceSha256": "af411cc55c753152325405d0239487ea46a9c3673a822caf1145270c66da1549",
  "runtimeProfileId": "community-reference",
  "runtimeAdapterVersion": "phase11a3-community-runtime-adapter.v6",
  "contentHash": "7e6178d5",
  "counts": {
    "quests": 3,
    "layouts": 2,
    "guardianFamilies": 3,
    "guardianActors": 7,
    "rooms": 4,
    "finalEncounterRecords": 10,
    "monsterPhysical": 26,
    "monsterLogical": 9
  },
  "semanticLeafCoverage": {
    "total": 195,
    "consumed": 137,
    "sourceBlocked": 5,
    "engineBlocked": 41,
    "displayOnly": 7,
    "notRuntimeRelevant": 5,
    "unclassified": 0
  },
  "runtimeSelectorCoverage": {
    "expected": 137,
    "resolved": 137,
    "missing": 0
  },
  "sourceMutationCoverage": {
    "expected": 8,
    "detected": 8
  },
  "runtimeMutationCoverage": {
    "expected": 2,
    "detected": 2
  },
  "layoutTopologyProofVersion": "dd-layout-topology.v2",
  "testGroups": {
    "validators": {
      "name": "validators",
      "exitCode": 0,
      "durationMs": 1649,
      "expected": 3,
      "discovered": 3,
      "run": 3,
      "passed": 3,
      "failed": 0,
      "skipped": 0,
      "todo": 0
    },
    "setup": {
      "name": "setup",
      "exitCode": 0,
      "durationMs": 2589,
      "expected": 6,
      "discovered": 6,
      "run": 6,
      "passed": 6,
      "failed": 0,
      "skipped": 0,
      "todo": 0
    },
    "production": {
      "name": "production",
      "exitCode": 0,
      "durationMs": 2579,
      "expected": 6,
      "discovered": 6,
      "run": 6,
      "passed": 6,
      "failed": 0,
      "skipped": 0,
      "todo": 0
    },
    "guardian": {
      "name": "guardian",
      "exitCode": 0,
      "durationMs": 2645,
      "expected": 16,
      "discovered": 16,
      "run": 16,
      "passed": 16,
      "failed": 0,
      "skipped": 0,
      "todo": 0
    },
    "excavation": {
      "name": "excavation",
      "exitCode": 0,
      "durationMs": 2551,
      "expected": 6,
      "discovered": 6,
      "run": 6,
      "passed": 6,
      "failed": 0,
      "skipped": 0,
      "todo": 0
    },
    "finalEncounter": {
      "name": "finalEncounter",
      "exitCode": 0,
      "durationMs": 2597,
      "expected": 12,
      "discovered": 12,
      "run": 12,
      "passed": 12,
      "failed": 0,
      "skipped": 0,
      "todo": 0
    },
    "monster": {
      "name": "monster",
      "exitCode": 0,
      "durationMs": 2653,
      "expected": 7,
      "discovered": 7,
      "run": 7,
      "passed": 7,
      "failed": 0,
      "skipped": 0,
      "todo": 0
    },
    "saveReplay": {
      "name": "saveReplay",
      "exitCode": 0,
      "durationMs": 2768,
      "expected": 12,
      "discovered": 12,
      "run": 12,
      "passed": 12,
      "failed": 0,
      "skipped": 0,
      "todo": 0
    },
    "traceability": {
      "name": "traceability",
      "exitCode": 0,
      "durationMs": 2159,
      "expected": 139,
      "discovered": 139,
      "run": 139,
      "passed": 139,
      "failed": 0,
      "skipped": 0,
      "todo": 0
    },
    "adversarial": {
      "name": "adversarial",
      "exitCode": 0,
      "durationMs": 3124,
      "expected": 20,
      "discovered": 20,
      "run": 20,
      "passed": 20,
      "failed": 0,
      "skipped": 0,
      "todo": 0
    },
    "truthGate": {
      "name": "truthGate",
      "exitCode": 0,
      "durationMs": 3116,
      "expected": 15,
      "discovered": 15,
      "run": 15,
      "passed": 15,
      "failed": 0,
      "skipped": 0,
      "todo": 0
    },
    "freezeEvidence": {
      "name": "freezeEvidence",
      "exitCode": 0,
      "durationMs": 2152,
      "expected": 12,
      "discovered": 12,
      "run": 12,
      "passed": 12,
      "failed": 0,
      "skipped": 0,
      "todo": 0
    },
    "communityE2E": {
      "name": "communityE2E",
      "exitCode": 0,
      "durationMs": 14929,
      "expected": 3,
      "discovered": 3,
      "run": 3,
      "passed": 3,
      "failed": 0,
      "skipped": 0,
      "todo": 0
    }
  },
  "blockerInventory": {
    "sourceLevel": 5,
    "runtimeOnly": 13,
    "total": 18
  },
  "activeBlockers": [
    {
      "code": "TEMPLARS_CRIT_ENGINE_UNSUPPORTED",
      "requirementId": "runtime-templars-combat",
      "field": "crit.templarImpalerAndWarlord",
      "sourcePath": "crit.templarImpalerAndWarlord",
      "runtimeDependency": "printed critical damage in Templar attacks",
      "firstBlockingFunction": "runMonsterTurn",
      "tests": [
        "BLOCK:TEMPLARS_CRIT_ENGINE_UNSUPPORTED"
      ],
      "proofKind": "capability-level",
      "classification": "runtime-only",
      "sourceAuthority": "COMMUNITY_RETAIL_REFERENCE"
    },
    {
      "code": "SHUFFLING_CRIT_ENGINE_UNSUPPORTED",
      "requirementId": "runtime-shuffling-combat",
      "field": "crit.horrorPriestAndGrowth",
      "sourcePath": "crit.horrorPriestAndGrowth",
      "runtimeDependency": "printed critical damage in Shuffling family attacks",
      "firstBlockingFunction": "runMonsterTurn",
      "tests": [
        "BLOCK:SHUFFLING_CRIT_ENGINE_UNSUPPORTED"
      ],
      "proofKind": "capability-level",
      "classification": "runtime-only",
      "sourceAuthority": "COMMUNITY_RETAIL_REFERENCE"
    },
    {
      "code": "GUARDIAN_SHUFFLE_RESISTANCE_ENGINE_UNSUPPORTED",
      "requirementId": "runtime-guardian-combat",
      "field": "resistances.shuffle",
      "sourcePath": "resistances.shuffle",
      "runtimeDependency": "categorical resistance in board movement",
      "firstBlockingFunction": "heroSkillActionError",
      "tests": [
        "BLOCK:GUARDIAN_SHUFFLE_RESISTANCE_ENGINE_UNSUPPORTED"
      ],
      "proofKind": "capability-level",
      "classification": "runtime-only",
      "sourceAuthority": "COMMUNITY_RETAIL_REFERENCE"
    },
    {
      "code": "SHUFFLING_SUMMON_RESISTANCE_ENGINE_UNSUPPORTED",
      "requirementId": "runtime-shuffling-combat",
      "field": "resistances.priestAndGrowth",
      "sourcePath": "resistances.priestAndGrowth",
      "runtimeDependency": "summoned Priest/Growth BattleUnit status effect application",
      "firstBlockingFunction": "resolveEchoingDisassembly",
      "tests": [
        "BLOCK:SHUFFLING_SUMMON_RESISTANCE_ENGINE_UNSUPPORTED"
      ],
      "proofKind": "capability-level",
      "classification": "runtime-only",
      "sourceAuthority": "COMMUNITY_RETAIL_REFERENCE"
    },
    {
      "code": "SHUFFLING_LINKED_VICTORY_CLEANUP_ENGINE_UNSUPPORTED",
      "requirementId": "tierB-shuffling-horror-room",
      "field": "victoryCondition.remainingMonsters",
      "sourcePath": "victoryCondition.remainingMonsters",
      "runtimeDependency": "cleanup of deployed Priest/Growth BattleUnits; reserve cleanup alone is partial",
      "firstBlockingFunction": "resolveEchoingDisassembly",
      "tests": [
        "BLOCK:SHUFFLING_LINKED_VICTORY_CLEANUP_ENGINE_UNSUPPORTED"
      ],
      "proofKind": "semantic-leaf",
      "classification": "runtime-only",
      "sourceAuthority": "COMMUNITY_RETAIL_REFERENCE"
    },
    {
      "code": "FINAL_SKILL_TABLE_ENGINE_UNSUPPORTED",
      "requirementId": "runtime-community-final",
      "field": "printedSkillSelection",
      "sourcePath": "printedSkillSelection",
      "runtimeDependency": "all normalized Final skill/d10 leaves through Community prepare/start/action/save",
      "firstBlockingFunction": "prepareFinalEncounter",
      "tests": [
        "BLOCK:FINAL_SKILL_TABLE_ENGINE_UNSUPPORTED"
      ],
      "proofKind": "capability-level",
      "classification": "runtime-only",
      "sourceAuthority": "COMMUNITY_RETAIL_REFERENCE"
    },
    {
      "code": "FINAL_ROOM_TRANSITION_ENGINE_UNSUPPORTED",
      "requirementId": "tierB-ancestor-room",
      "field": "roomEffects",
      "sourcePath": "roomEffects",
      "runtimeDependency": "production-reachable Community transition without injecting Final state",
      "firstBlockingFunction": "prepareFinalEncounter",
      "tests": [
        "BLOCK:FINAL_ROOM_TRANSITION_ENGINE_UNSUPPORTED"
      ],
      "proofKind": "semantic-leaf",
      "classification": "runtime-only",
      "sourceAuthority": "COMMUNITY_RETAIL_REFERENCE"
    },
    {
      "code": "TEMPLARS_PIT_EXIT_RULE_UNRESOLVED",
      "requirementId": "tierB-templars-room",
      "field": "pitExitRule",
      "sourcePath": "pitExitRule",
      "runtimeDependency": "pitExitRule",
      "firstBlockingFunction": "blockCommunityOperation",
      "tests": [
        "BLOCK:TEMPLARS_PIT_EXIT_RULE_UNRESOLVED"
      ],
      "proofKind": "semantic-leaf",
      "classification": "source-level",
      "sourceAuthority": "COMMUNITY_RETAIL_REFERENCE"
    },
    {
      "code": "ABSOLUTE_NOTHINGNESS_STANCE_UNRESOLVED",
      "requirementId": "tierB-absolute-nothingness",
      "field": "stance",
      "sourcePath": "stance",
      "runtimeDependency": "stance",
      "firstBlockingFunction": "blockCommunityOperation",
      "tests": [
        "BLOCK:ABSOLUTE_NOTHINGNESS_STANCE_UNRESOLVED"
      ],
      "proofKind": "semantic-leaf",
      "classification": "source-level",
      "sourceAuthority": "COMMUNITY_RETAIL_REFERENCE"
    },
    {
      "code": "GESTATING_HEART_LETHAL_TIMING_UNRESOLVED",
      "requirementId": "tierB-gestating-heart",
      "field": "lethalWoundTimingRuling",
      "sourcePath": "lethalWoundTimingRuling",
      "runtimeDependency": "lethalWoundTimingRuling",
      "firstBlockingFunction": "blockCommunityOperation",
      "tests": [
        "BLOCK:GESTATING_HEART_LETHAL_TIMING_UNRESOLVED"
      ],
      "proofKind": "semantic-leaf",
      "classification": "source-level",
      "sourceAuthority": "COMMUNITY_RETAIL_REFERENCE"
    },
    {
      "code": "COME_UNTO_YOUR_MAKER_UNRESOLVED",
      "requirementId": "tierB-come-unto-your-maker",
      "field": "definition",
      "sourcePath": "definition",
      "runtimeDependency": "definition",
      "firstBlockingFunction": "blockCommunityOperation",
      "tests": [
        "BLOCK:COME_UNTO_YOUR_MAKER_UNRESOLVED"
      ],
      "proofKind": "semantic-leaf",
      "classification": "source-level",
      "sourceAuthority": "COMMUNITY_RETAIL_REFERENCE"
    },
    {
      "code": "MONSTER_DECK_DRAW_POLICY_UNRESOLVED",
      "requirementId": "tierB-darkest-dungeon-monster-deck",
      "field": "drawPolicy",
      "sourcePath": "drawPolicy",
      "runtimeDependency": "drawPolicy",
      "firstBlockingFunction": "blockCommunityOperation",
      "tests": [
        "BLOCK:MONSTER_DECK_DRAW_POLICY_UNRESOLVED"
      ],
      "proofKind": "semantic-leaf",
      "classification": "source-level",
      "sourceAuthority": "COMMUNITY_RETAIL_REFERENCE"
    },
    {
      "code": "EXCAVATION_PROVISION_DIE_MAP_UNRESOLVED",
      "requirementId": "runtime-excavation-provision-die",
      "field": "faceMap",
      "sourcePath": "faceMap",
      "runtimeDependency": "faceMap",
      "firstBlockingFunction": "blockCommunityOperation",
      "tests": [
        "BLOCK:EXCAVATION_PROVISION_DIE_MAP_UNRESOLVED"
      ],
      "proofKind": "capability-level",
      "classification": "runtime-only",
      "sourceAuthority": "COMMUNITY_RETAIL_REFERENCE"
    },
    {
      "code": "FINAL_PROVISION_POLICY_UNRESOLVED",
      "requirementId": "runtime-final-provision-policy",
      "field": "grantTable",
      "sourcePath": "grantTable",
      "runtimeDependency": "grantTable",
      "firstBlockingFunction": "blockCommunityOperation",
      "tests": [
        "BLOCK:FINAL_PROVISION_POLICY_UNRESOLVED"
      ],
      "proofKind": "capability-level",
      "classification": "runtime-only",
      "sourceAuthority": "COMMUNITY_RETAIL_REFERENCE"
    },
    {
      "code": "GUARDIAN_SPECIAL_SKILL_ENGINE_UNSUPPORTED",
      "requirementId": "runtime-guardian-combat",
      "field": "specialSkillEffectResolution",
      "sourcePath": "specialSkillEffectResolution",
      "runtimeDependency": "specialSkillEffectResolution",
      "firstBlockingFunction": "blockCommunityOperation",
      "tests": [
        "BLOCK:GUARDIAN_SPECIAL_SKILL_ENGINE_UNSUPPORTED"
      ],
      "proofKind": "capability-level",
      "classification": "runtime-only",
      "sourceAuthority": "COMMUNITY_RETAIL_REFERENCE"
    },
    {
      "code": "TEMPLARS_AREA_ADJACENCY_UNRESOLVED",
      "requirementId": "runtime-templars-room",
      "field": "areaAdjacency",
      "sourcePath": "areaAdjacency",
      "runtimeDependency": "areaAdjacency",
      "firstBlockingFunction": "blockCommunityOperation",
      "tests": [
        "BLOCK:TEMPLARS_AREA_ADJACENCY_UNRESOLVED"
      ],
      "proofKind": "capability-level",
      "classification": "runtime-only",
      "sourceAuthority": "COMMUNITY_RETAIL_REFERENCE"
    },
    {
      "code": "SHUFFLING_INITIAL_AREA_UNRESOLVED",
      "requirementId": "runtime-shuffling-horror-room",
      "field": "initialArea",
      "sourcePath": "initialArea",
      "runtimeDependency": "initialArea",
      "firstBlockingFunction": "blockCommunityOperation",
      "tests": [
        "BLOCK:SHUFFLING_INITIAL_AREA_UNRESOLVED"
      ],
      "proofKind": "capability-level",
      "classification": "runtime-only",
      "sourceAuthority": "COMMUNITY_RETAIL_REFERENCE"
    },
    {
      "code": "MAMMOTH_STALK_NO_SPACE_RESOLUTION_ENGINE_UNSUPPORTED",
      "requirementId": "tierB-mammoth-cyst-room",
      "field": "spawnAreaPolicy.noSpace",
      "sourcePath": "spawnAreaPolicy.noSpace",
      "runtimeDependency": "room area adjacency / nearest-available displacement",
      "firstBlockingFunction": "summonWhiteCellStalk",
      "tests": [
        "BLOCK:MAMMOTH_STALK_NO_SPACE_RESOLUTION_ENGINE_UNSUPPORTED"
      ],
      "proofKind": "semantic-leaf",
      "classification": "runtime-only",
      "sourceAuthority": "COMMUNITY_RETAIL_REFERENCE"
    }
  ],
  "activeBlockerCodes": [
    "TEMPLARS_CRIT_ENGINE_UNSUPPORTED",
    "SHUFFLING_CRIT_ENGINE_UNSUPPORTED",
    "GUARDIAN_SHUFFLE_RESISTANCE_ENGINE_UNSUPPORTED",
    "SHUFFLING_SUMMON_RESISTANCE_ENGINE_UNSUPPORTED",
    "SHUFFLING_LINKED_VICTORY_CLEANUP_ENGINE_UNSUPPORTED",
    "FINAL_SKILL_TABLE_ENGINE_UNSUPPORTED",
    "FINAL_ROOM_TRANSITION_ENGINE_UNSUPPORTED",
    "TEMPLARS_PIT_EXIT_RULE_UNRESOLVED",
    "ABSOLUTE_NOTHINGNESS_STANCE_UNRESOLVED",
    "GESTATING_HEART_LETHAL_TIMING_UNRESOLVED",
    "COME_UNTO_YOUR_MAKER_UNRESOLVED",
    "MONSTER_DECK_DRAW_POLICY_UNRESOLVED",
    "EXCAVATION_PROVISION_DIE_MAP_UNRESOLVED",
    "FINAL_PROVISION_POLICY_UNRESOLVED",
    "GUARDIAN_SPECIAL_SKILL_ENGINE_UNSUPPORTED",
    "TEMPLARS_AREA_ADJACENCY_UNRESOLVED",
    "SHUFFLING_INITIAL_AREA_UNRESOLVED",
    "MAMMOTH_STALK_NO_SPACE_RESOLUTION_ENGINE_UNSUPPORTED"
  ],
  "commands": [
    {
      "name": "typecheck",
      "exitCode": 0,
      "durationMs": 8354
    },
    {
      "name": "build",
      "exitCode": 0,
      "durationMs": 7226
    },
    {
      "name": "officialSourceGateRegression",
      "exitCode": 0,
      "durationMs": 187246
    },
    {
      "name": "bindingRegression",
      "exitCode": 0,
      "durationMs": 10303
    }
  ],
  "officialGateBefore": {
    "phase11A3Status": "SOURCE-BLOCKED",
    "requiredMissing": 26,
    "optionalMissing": 1,
    "openP0": 1,
    "openP1": 0,
    "onlyOpenP0": "ISSUE-P0-002",
    "formalMatrixRun": 0,
    "formalMatrixExpected": 9,
    "canCloseP0_002": false,
    "canEnterPhase11B": false
  },
  "officialGateAfter": {
    "phase11A3Status": "SOURCE-BLOCKED",
    "requiredMissing": 26,
    "optionalMissing": 1,
    "openP0": 1,
    "openP1": 0,
    "onlyOpenP0": "ISSUE-P0-002",
    "formalMatrixRun": 0,
    "formalMatrixExpected": 9,
    "canCloseP0_002": false,
    "canEnterPhase11B": false
  },
  "communityFullActFourPlayable": false,
  "communityFullActFourPlayableReason": "18 active source/runtime blockers",
  "terminalVerdict": "COMMUNITY-REFERENCE-RUNTIME-FROZEN",
  "errors": []
}

(node:20700) Warning: The 'NO_COLOR' env is ignored due to the 'FORCE_COLOR' env being set.
(Use `node --trace-warnings ...` to show where the warning was created)

(!) Some chunks are larger than 500 kB after minification. Consider:
- Using dynamic import() to code-split the application
- Use build.rollupOptions.output.manualChunks to improve chunking: https://rollupjs.org/configuration-options/#output-manualchunks
- Adjust chunk size limit for this warning via build.chunkSizeWarningLimit.

