--- Phase 11A.3 Community Visual Asset Final Acceptance ---
manifestContentSha256: a3c6161179e76e255392b6329d0842c1200e84999388003f839cdb14f413b72d
manifestFileSha256: a5ede8b00305dac4da60539c6f30ac6ca80e1592a37d24598b55c9055f09e69a
metrics: {"downloads":0,"cacheHits":35,"totalLocalBytes":20644417,"uniqueSourceUrls":10}
PASS V01 manifest schema v2
PASS V02 Community authority remains isolated
PASS V03 manifestContentSha256 present, fresh, exact
PASS V04 manifestFileSha256 present, fresh, exact projection
PASS V05 canonical inputs have logical names/hashes and no machine paths
PASS V06 supplied canonical input bytes match manifest
PASS V07 exact requirement/runtime/kind identity lock
PASS V08 object-specific TTS provenance 54/54
PASS V09 local decode/dimension/SHA for 35 ready assets
PASS V10 canonical Room Cards 4/4
PASS V11 canonical Room Tile sides 4/4
PASS V12 Monster logical visuals 9/9
PASS V13 Monster physical provenance 26/26, unmapped=0
PASS V14 Monster source/crop/hash/visual mappings 26/26 with verified deduplication
PASS V15 source URL/cache/download metrics separated
PASS V16 inventory/manifest counts agree
PASS V17 source-missing truth retained
PASS V18 resolver + product profile tests
PASS V19 path/cache-independent canonical hash and deterministic assets
--- PASS 19 passed / 0 failed ---


